[22:45:52.276][info] [#0:/home/muhammed-emin-eser/.local/share/nvim/mason/packages/lua-language-server/libexec/main.lua:71]: Lua Lsp startup, root: 	/home/muhammed-emin-eser/.local/share/nvim/mason/packages/lua-language-server/libexec
[22:45:52.276][info] [#0:/home/muhammed-emin-eser/.local/share/nvim/mason/packages/lua-language-server/libexec/main.lua:72]: ROOT:	/home/muhammed-emin-eser/.local/share/nvim/mason/packages/lua-language-server/libexec
[22:45:52.276][info] [#0:/home/muhammed-emin-eser/.local/share/nvim/mason/packages/lua-language-server/libexec/main.lua:73]: LOGPATH:	/home/muhammed-emin-eser/.local/share/nvim/mason/packages/lua-language-server/libexec/log
[22:45:52.276][info] [#0:/home/muhammed-emin-eser/.local/share/nvim/mason/packages/lua-language-server/libexec/main.lua:74]: METAPATH:	/home/muhammed-emin-eser/.local/share/nvim/mason/packages/lua-language-server/libexec/meta
[22:45:52.276][info] [#0:/home/muhammed-emin-eser/.local/share/nvim/mason/packages/lua-language-server/libexec/main.lua:75]: VERSION:	3.18.2-dev
[22:45:52.292][info] [#0:script/proto/proto.lua:260]: Listen Mode: stdio
[22:45:52.292][info] [#0:script/service/service.lua:145]: 
========= Medical Examination Report =========
    --------------- Memory ---------------
        Total: 1.928 MB
        # 00 : 1.928 MB
        # 01 : 0.000 MB
        # 02 : 0.000 MB
        # 03 : 0.000 MB
        # 04 : 0.000 MB
    --------------- Coroutine ---------------
        Total:     0
        Running:   0
        Suspended: 0
        Normal:    0
        Dead:      0
    --------------- Cache ---------------
        Total: 1
        Dead:  0
    ---------------  RPC  ---------------
        Holdon:   0
        Waiting:  0
==============================================
[22:45:52.295][info] [#0:script/client.lua:657]: Client init	{
  capabilities = {
    general = {
      positionEncodings = { "utf-8", "utf-16", "utf-32" }
    },
    textDocument = {
      callHierarchy = {
        dynamicRegistration = false
      },
      codeAction = {
        codeActionLiteralSupport = {
          codeActionKind = {
            valueSet = { "", "quickfix", "refactor", "refactor.extract", "refactor.inline", "refactor.rewrite", "source", "source.organizeImports" }
          }
        },
        dataSupport = true,
        dynamicRegistration = true,
        isPreferredSupport = true,
        resolveSupport = {
          properties = { "edit", "command" }
        }
      },
      codeLens = {
        dynamicRegistration = false,
        resolveSupport = {
          properties = { "command" }
        }
      },
      completion = {
        completionItem = {
          commitCharactersSupport = false,
          deprecatedSupport = true,
          documentationFormat = { "markdown", "plaintext" },
          insertReplaceSupport = true,
          insertTextModeSupport = {
            valueSet = { 1 }
          },
          labelDetailsSupport = true,
          preselectSupport = false,
          resolveSupport = {
            properties = { "documentation", "detail", "additionalTextEdits", "command", "data" }
          },
          snippetSupport = true,
          tagSupport = {
            valueSet = { 1 }
          }
        },
        completionItemKind = {
          valueSet = { 1, 2, 3, 4, 5, 6, 7, 8, 9, 10, 11, 12, 13, 14, 15, 16, 17, 18, 19, 20, 21, 22, 23, 24, 25 }
        },
        completionList = {
          itemDefaults = { "commitCharacters", "editRange", "insertTextFormat", "insertTextMode", "data" }
        },
        contextSupport = true,
        dynamicRegistration = false,
        insertTextMode = 1
      },
      declaration = {
        linkSupport = true
      },
      definition = {
        dynamicRegistration = true,
        linkSupport = true
      },
      diagnostic = {
        dynamicRegistration = false
      },
      documentHighlight = {
        dynamicRegistration = false
      },
      documentSymbol = {
        dynamicRegistration = false,
        hierarchicalDocumentSymbolSupport = true,
        symbolKind = {
          valueSet = { 1, 2, 3, 4, 5, 6, 7, 8, 9, 10, 11, 12, 13, 14, 15, 16, 17, 18, 19, 20, 21, 22, 23, 24, 25, 26 }
        }
      },
      foldingRange = {
        dynamicRegistration = false,
        foldingRange = {
          collapsedText = true
        },
        lineFoldingOnly = true
      },
      formatting = {
        dynamicRegistration = true
      },
      hover = {
        contentFormat = { "markdown", "plaintext" },
        dynamicRegistration = true
      },
      implementation = {
        linkSupport = true
      },
      inlayHint = {
        dynamicRegistration = true,
        resolveSupport = {
          properties = { "textEdits", "tooltip", "location", "command" }
        }
      },
      publishDiagnostics = {
        dataSupport = true,
        relatedInformation = true,
        tagSupport = {
          valueSet = { 1, 2 }
        }
      },
      rangeFormatting = {
        dynamicRegistration = true,
        rangesSupport = true
      },
      references = {
        dynamicRegistration = false
      },
      rename = {
        dynamicRegistration = true,
        prepareSupport = true
      },
      semanticTokens = {
        augmentsSyntaxTokens = true,
        dynamicRegistration = false,
        formats = { "relative" },
        multilineTokenSupport = false,
        overlappingTokenSupport = true,
        requests = {
          full = {
            delta = true
          },
          range = false
        },
        serverCancelSupport = false,
        tokenModifiers = { "declaration", "definition", "readonly", "static", "deprecated", "abstract", "async", "modification", "documentation", "defaultLibrary" },
        tokenTypes = { "namespace", "type", "class", "enum", "interface", "struct", "typeParameter", "parameter", "variable", "property", "enumMember", "event", "function", "method", "macro", "keyword", "modifier", "comment", "string", "number", "regexp", "operator", "decorator" }
      },
      signatureHelp = {
        dynamicRegistration = false,
        signatureInformation = {
          activeParameterSupport = true,
          documentationFormat = { "markdown", "plaintext" },
          parameterInformation = {
            labelOffsetSupport = true
          }
        }
      },
      synchronization = {
        didSave = true,
        dynamicRegistration = false,
        willSave = true,
        willSaveWaitUntil = true
      },
      typeDefinition = {
        linkSupport = true
      }
    },
    window = {
      showDocument = {
        support = true
      },
      showMessage = {
        messageActionItem = {
          additionalPropertiesSupport = true
        }
      },
      workDoneProgress = true
    },
    workspace = {
      applyEdit = true,
      configuration = true,
      didChangeConfiguration = {
        dynamicRegistration = false
      },
      didChangeWatchedFiles = {
        dynamicRegistration = false,
        relativePatternSupport = true
      },
      fileOperations = {
        didRename = true,
        willRename = true
      },
      inlayHint = {
        refreshSupport = true
      },
      semanticTokens = {
        refreshSupport = true
      },
      symbol = {
        dynamicRegistration = false,
        symbolKind = {
          valueSet = { 1, 2, 3, 4, 5, 6, 7, 8, 9, 10, 11, 12, 13, 14, 15, 16, 17, 18, 19, 20, 21, 22, 23, 24, 25, 26 }
        }
      },
      workspaceEdit = {
        resourceOperations = { "rename", "create", "delete" }
      },
      workspaceFolders = true
    }
  },
  clientInfo = {
    name = "Neovim",
    version = "0.11.2+ga73904168a"
  },
  processId = 38348,
  rootPath = "/home/muhammed-emin-eser/utils/typo",
  rootUri = "file:///home/muhammed-emin-eser/utils/typo",
  trace = "off",
  workDoneToken = "1",
  workspaceFolders = { {
      name = "/home/muhammed-emin-eser/utils/typo",
      uri = "file:///home/muhammed-emin-eser/utils/typo"
    } }
}
[22:45:52.295][info] [#0:script/language.lua:137]: VSC language: nil
[22:45:52.295][info] [#0:script/language.lua:138]: LS  language: en-us
[22:45:52.295][info] [#0:script/workspace/workspace.lua:38]: Workspace init root: 	file:///home/muhammed-emin-eser/utils/typo
[22:45:52.295][info] [#0:script/workspace/workspace.lua:42]: Log path: 	/home/muhammed-emin-eser/.local/share/nvim/mason/packages/lua-language-server/libexec/log/file_home_muhammed-emin-eser_utils_typo.log
[22:45:52.295][info] [#0:script/workspace/workspace.lua:48]: Workspace create: 	file:///home/muhammed-emin-eser/utils/typo
[22:45:52.299][info] [#0:script/provider/provider.lua:49]: Load config from client	file:///home/muhammed-emin-eser/utils/typo
[22:45:52.299][info] [#0:script/provider/provider.lua:50]: {
  Lua = {
    codeLens = {
      enable = true
    },
    completion = {
      callSnippet = "Replace"
    },
    doc = {
      privateName = { "^_" }
    },
    hint = {
      arrayIndex = "Disable",
      enable = true,
      paramName = "Disable",
      paramType = true,
      semicolon = "Disable",
      setType = false
    },
    workspace = {
      checkThirdParty = false
    }
  }
}
[22:45:52.299][info] [#0:script/provider/provider.lua:49]: Load config from client	file:///home/muhammed-emin-eser/utils/typo
[22:45:52.299][info] [#0:script/provider/provider.lua:50]: {
  Lua = {
    codeLens = {
      enable = true
    },
    completion = {
      callSnippet = "Replace"
    },
    doc = {
      privateName = { "^_" }
    },
    hint = {
      arrayIndex = "Disable",
      enable = true,
      paramName = "Disable",
      paramType = true,
      semicolon = "Disable",
      setType = false
    },
    workspace = {
      checkThirdParty = false
    }
  }
}
[22:45:52.299][warn] [#0:script/config/loader.lua:116]: No config?	{}
[22:45:52.299][info] [#0:script/provider/provider.lua:65]: Load config from client	fallback
[22:45:52.299][info] [#0:script/provider/provider.lua:66]: nil
[22:45:52.299][warn] [#0:script/config/loader.lua:116]: No config?	{}
[22:45:52.299][info] [#0:script/provider/provider.lua:65]: Load config from client	fallback
[22:45:52.299][info] [#0:script/provider/provider.lua:66]: nil
[22:45:52.309][info] [#0:script/provider/provider.lua:49]: Load config from client	file:///home/muhammed-emin-eser/utils/typo
[22:45:52.310][info] [#0:script/provider/provider.lua:50]: {
  Lua = {
    codeLens = {
      enable = true
    },
    completion = {
      callSnippet = "Replace"
    },
    doc = {
      privateName = { "^_" }
    },
    hint = {
      arrayIndex = "Disable",
      enable = true,
      paramName = "Disable",
      paramType = true,
      semicolon = "Disable",
      setType = false
    },
    runtime = {
      path = { "?.lua", "?/init.lua" },
      pathStrict = true,
      version = "LuaJIT"
    },
    workspace = {
      checkThirdParty = false,
      ignoreDir = { "/lua" },
      library = { "/tmp/.mount_nvimIlGmob/usr/share/nvim/runtime/lua" }
    }
  }
}
[22:45:52.311][warn] [#0:script/config/loader.lua:116]: No config?	{}
[22:45:52.311][info] [#0:script/provider/provider.lua:65]: Load config from client	fallback
[22:45:52.311][info] [#0:script/provider/provider.lua:66]: nil
[22:45:52.499][info] [#0:script/library.lua:216]: Init builtin library at:	file:///home/muhammed-emin-eser/utils/typo
[22:45:52.512][info] [#0:script/library.lua:216]: Init builtin library at:	nil
[22:45:52.617][info] [#0:script/workspace/workspace.lua:330]: Preload start:	file:///home/muhammed-emin-eser/utils/typo
[22:45:52.620][info] [#0:script/workspace/workspace.lua:336]: Scan files at:	file:///home/muhammed-emin-eser/utils/typo
[22:45:52.621][info] [#0:script/workspace/workspace.lua:330]: Preload start:	<fallback>
[22:45:52.621][info] [#0:script/workspace/workspace.lua:359]: Scan library at:	file:///home/muhammed-emin-eser/.local/share/nvim/mason/packages/lua-language-server/libexec/meta/Lua%205.4%20en-us%20utf8/builtin.lua
[22:45:52.622][info] [#0:script/workspace/workspace.lua:359]: Scan library at:	file:///home/muhammed-emin-eser/.local/share/nvim/mason/packages/lua-language-server/libexec/meta/Lua%205.4%20en-us%20utf8/string.lua
[22:45:52.622][info] [#0:script/workspace/workspace.lua:359]: Scan library at:	file:///home/muhammed-emin-eser/.local/share/nvim/mason/packages/lua-language-server/libexec/meta/Lua%205.4%20en-us%20utf8/debug.lua
[22:45:52.622][info] [#0:script/workspace/workspace.lua:359]: Scan library at:	file:///home/muhammed-emin-eser/.local/share/nvim/mason/packages/lua-language-server/libexec/meta/Lua%205.4%20en-us%20utf8/table.lua
[22:45:52.622][info] [#0:script/workspace/workspace.lua:359]: Scan library at:	file:///home/muhammed-emin-eser/.local/share/nvim/mason/packages/lua-language-server/libexec/meta/Lua%205.4%20en-us%20utf8/math.lua
[22:45:52.622][info] [#0:script/workspace/workspace.lua:359]: Scan library at:	file:///home/muhammed-emin-eser/.local/share/nvim/mason/packages/lua-language-server/libexec/meta/Lua%205.4%20en-us%20utf8/coroutine.lua
[22:45:52.622][info] [#0:script/workspace/workspace.lua:359]: Scan library at:	file:///home/muhammed-emin-eser/.local/share/nvim/mason/packages/lua-language-server/libexec/meta/Lua%205.4%20en-us%20utf8/io.lua
[22:45:52.622][info] [#0:script/workspace/workspace.lua:359]: Scan library at:	file:///home/muhammed-emin-eser/.local/share/nvim/mason/packages/lua-language-server/libexec/meta/Lua%205.4%20en-us%20utf8/basic.lua
[22:45:52.622][info] [#0:script/workspace/workspace.lua:359]: Scan library at:	file:///home/muhammed-emin-eser/.local/share/nvim/mason/packages/lua-language-server/libexec/meta/Lua%205.4%20en-us%20utf8/os.lua
[22:45:52.622][info] [#0:script/workspace/workspace.lua:359]: Scan library at:	file:///home/muhammed-emin-eser/.local/share/nvim/mason/packages/lua-language-server/libexec/meta/Lua%205.4%20en-us%20utf8/package.lua
[22:45:52.622][info] [#0:script/workspace/workspace.lua:359]: Scan library at:	file:///home/muhammed-emin-eser/.local/share/nvim/mason/packages/lua-language-server/libexec/meta/Lua%205.4%20en-us%20utf8/utf8.lua
[22:45:52.622][info] [#0:script/workspace/workspace.lua:359]: Scan library at:	file:///home/muhammed-emin-eser/.local/share/nvim/mason/packages/lua-language-server/libexec/meta/LuaJIT%20en-us%20utf8/string.lua
[22:45:52.622][info] [#0:script/workspace/workspace.lua:359]: Scan library at:	file:///home/muhammed-emin-eser/.local/share/nvim/mason/packages/lua-language-server/libexec/meta/LuaJIT%20en-us%20utf8/ffi.lua
[22:45:52.622][info] [#0:script/workspace/workspace.lua:359]: Scan library at:	file:///home/muhammed-emin-eser/.local/share/nvim/mason/packages/lua-language-server/libexec/meta/LuaJIT%20en-us%20utf8/os.lua
[22:45:52.622][info] [#0:script/workspace/workspace.lua:359]: Scan library at:	file:///home/muhammed-emin-eser/.local/share/nvim/mason/packages/lua-language-server/libexec/meta/LuaJIT%20en-us%20utf8/jit/profile.lua
[22:45:52.622][info] [#0:script/workspace/workspace.lua:359]: Scan library at:	file:///home/muhammed-emin-eser/.local/share/nvim/mason/packages/lua-language-server/libexec/meta/LuaJIT%20en-us%20utf8/io.lua
[22:45:52.623][info] [#0:script/workspace/workspace.lua:359]: Scan library at:	file:///home/muhammed-emin-eser/.local/share/nvim/mason/packages/lua-language-server/libexec/meta/LuaJIT%20en-us%20utf8/builtin.lua
[22:45:52.623][info] [#0:script/workspace/workspace.lua:359]: Scan library at:	file:///home/muhammed-emin-eser/.local/share/nvim/mason/packages/lua-language-server/libexec/meta/LuaJIT%20en-us%20utf8/jit/util.lua
[22:45:52.623][info] [#0:script/workspace/workspace.lua:359]: Scan library at:	file:///home/muhammed-emin-eser/.local/share/nvim/mason/packages/lua-language-server/libexec/meta/LuaJIT%20en-us%20utf8/bit.lua
[22:45:52.623][info] [#0:script/workspace/workspace.lua:359]: Scan library at:	file:///home/muhammed-emin-eser/.local/share/nvim/mason/packages/lua-language-server/libexec/meta/LuaJIT%20en-us%20utf8/table/new.lua
[22:45:52.623][info] [#0:script/workspace/workspace.lua:359]: Scan library at:	file:///home/muhammed-emin-eser/.local/share/nvim/mason/packages/lua-language-server/libexec/meta/LuaJIT%20en-us%20utf8/table.lua
[22:45:52.623][info] [#0:script/workspace/workspace.lua:359]: Scan library at:	file:///home/muhammed-emin-eser/.local/share/nvim/mason/packages/lua-language-server/libexec/meta/LuaJIT%20en-us%20utf8/debug.lua
[22:45:52.623][info] [#0:script/workspace/workspace.lua:359]: Scan library at:	file:///home/muhammed-emin-eser/.local/share/nvim/mason/packages/lua-language-server/libexec/meta/LuaJIT%20en-us%20utf8/string/buffer.lua
[22:45:52.623][info] [#0:script/workspace/workspace.lua:359]: Scan library at:	file:///home/muhammed-emin-eser/.local/share/nvim/mason/packages/lua-language-server/libexec/meta/LuaJIT%20en-us%20utf8/jit.lua
[22:45:52.623][info] [#0:script/workspace/workspace.lua:359]: Scan library at:	file:///home/muhammed-emin-eser/.local/share/nvim/mason/packages/lua-language-server/libexec/meta/LuaJIT%20en-us%20utf8/coroutine.lua
[22:45:52.623][info] [#0:script/workspace/workspace.lua:359]: Scan library at:	file:///home/muhammed-emin-eser/.local/share/nvim/mason/packages/lua-language-server/libexec/meta/LuaJIT%20en-us%20utf8/math.lua
[22:45:52.623][info] [#0:script/workspace/workspace.lua:359]: Scan library at:	file:///home/muhammed-emin-eser/.local/share/nvim/mason/packages/lua-language-server/libexec/meta/LuaJIT%20en-us%20utf8/table/clear.lua
[22:45:52.623][info] [#0:script/workspace/workspace.lua:359]: Scan library at:	file:///tmp/.mount_nvimIlGmob/usr/share/nvim/runtime/lua
[22:45:52.629][info] [#0:script/workspace/workspace.lua:359]: Scan library at:	file:///home/muhammed-emin-eser/.local/share/nvim/mason/packages/lua-language-server/libexec/meta/LuaJIT%20en-us%20utf8/package.lua
[22:45:52.629][info] [#0:script/workspace/workspace.lua:359]: Scan library at:	file:///home/muhammed-emin-eser/.local/share/nvim/mason/packages/lua-language-server/libexec/meta/LuaJIT%20en-us%20utf8/basic.lua
[22:45:52.722][info] [#0:script/workspace/workspace.lua:385]: Found 11 files at:	<fallback>
[22:45:52.722][info] [#0:script/workspace/loading.lua:160]: Load files from disk:	<fallback>
[22:45:52.722][info] [#0:script/workspace/loading.lua:100]: Preload file at: file:///home/muhammed-emin-eser/.local/share/nvim/mason/packages/lua-language-server/libexec/meta/Lua%205.4%20en-us%20utf8/package.lua , size = 2.944 KB
[22:45:52.724][info] [#0:script/workspace/loading.lua:112]: ++++As library of:	file:///home/muhammed-emin-eser/.local/share/nvim/mason/packages/lua-language-server/libexec/meta/Lua%205.4%20en-us%20utf8/package.lua
[22:45:52.724][info] [#0:script/workspace/loading.lua:100]: Preload file at: file:///home/muhammed-emin-eser/.local/share/nvim/mason/packages/lua-language-server/libexec/meta/Lua%205.4%20en-us%20utf8/utf8.lua , size = 2.387 KB
[22:45:52.725][info] [#0:script/workspace/loading.lua:112]: ++++As library of:	file:///home/muhammed-emin-eser/.local/share/nvim/mason/packages/lua-language-server/libexec/meta/Lua%205.4%20en-us%20utf8/utf8.lua
[22:45:52.725][info] [#0:script/workspace/loading.lua:100]: Preload file at: file:///home/muhammed-emin-eser/.local/share/nvim/mason/packages/lua-language-server/libexec/meta/Lua%205.4%20en-us%20utf8/os.lua , size = 5.662 KB
[22:45:52.726][info] [#0:script/workspace/loading.lua:112]: ++++As library of:	file:///home/muhammed-emin-eser/.local/share/nvim/mason/packages/lua-language-server/libexec/meta/Lua%205.4%20en-us%20utf8/os.lua
[22:45:52.726][info] [#0:script/workspace/loading.lua:100]: Preload file at: file:///home/muhammed-emin-eser/.local/share/nvim/mason/packages/lua-language-server/libexec/meta/Lua%205.4%20en-us%20utf8/basic.lua , size = 17.330 KB
[22:45:52.733][info] [#0:script/workspace/loading.lua:112]: ++++As library of:	file:///home/muhammed-emin-eser/.local/share/nvim/mason/packages/lua-language-server/libexec/meta/Lua%205.4%20en-us%20utf8/basic.lua
[22:45:52.733][info] [#0:script/workspace/loading.lua:100]: Preload file at: file:///home/muhammed-emin-eser/.local/share/nvim/mason/packages/lua-language-server/libexec/meta/Lua%205.4%20en-us%20utf8/io.lua , size = 6.364 KB
[22:45:52.735][info] [#0:script/workspace/loading.lua:112]: ++++As library of:	file:///home/muhammed-emin-eser/.local/share/nvim/mason/packages/lua-language-server/libexec/meta/Lua%205.4%20en-us%20utf8/io.lua
[22:45:52.735][info] [#0:script/workspace/loading.lua:100]: Preload file at: file:///home/muhammed-emin-eser/.local/share/nvim/mason/packages/lua-language-server/libexec/meta/Lua%205.4%20en-us%20utf8/coroutine.lua , size = 2.590 KB
[22:45:52.736][info] [#0:script/workspace/loading.lua:112]: ++++As library of:	file:///home/muhammed-emin-eser/.local/share/nvim/mason/packages/lua-language-server/libexec/meta/Lua%205.4%20en-us%20utf8/coroutine.lua
[22:45:52.736][info] [#0:script/workspace/loading.lua:100]: Preload file at: file:///home/muhammed-emin-eser/.local/share/nvim/mason/packages/lua-language-server/libexec/meta/Lua%205.4%20en-us%20utf8/math.lua , size = 8.595 KB
[22:45:52.739][info] [#0:script/workspace/loading.lua:112]: ++++As library of:	file:///home/muhammed-emin-eser/.local/share/nvim/mason/packages/lua-language-server/libexec/meta/Lua%205.4%20en-us%20utf8/math.lua
[22:45:52.739][info] [#0:script/workspace/loading.lua:100]: Preload file at: file:///home/muhammed-emin-eser/.local/share/nvim/mason/packages/lua-language-server/libexec/meta/Lua%205.4%20en-us%20utf8/table.lua , size = 5.020 KB
[22:45:52.741][info] [#0:script/workspace/loading.lua:112]: ++++As library of:	file:///home/muhammed-emin-eser/.local/share/nvim/mason/packages/lua-language-server/libexec/meta/Lua%205.4%20en-us%20utf8/table.lua
[22:45:52.741][info] [#0:script/workspace/loading.lua:100]: Preload file at: file:///home/muhammed-emin-eser/.local/share/nvim/mason/packages/lua-language-server/libexec/meta/Lua%205.4%20en-us%20utf8/debug.lua , size = 7.637 KB
[22:45:52.744][info] [#0:script/workspace/loading.lua:112]: ++++As library of:	file:///home/muhammed-emin-eser/.local/share/nvim/mason/packages/lua-language-server/libexec/meta/Lua%205.4%20en-us%20utf8/debug.lua
[22:45:52.744][info] [#0:script/workspace/loading.lua:100]: Preload file at: file:///home/muhammed-emin-eser/.local/share/nvim/mason/packages/lua-language-server/libexec/meta/Lua%205.4%20en-us%20utf8/string.lua , size = 6.389 KB
[22:45:52.747][info] [#0:script/workspace/loading.lua:112]: ++++As library of:	file:///home/muhammed-emin-eser/.local/share/nvim/mason/packages/lua-language-server/libexec/meta/Lua%205.4%20en-us%20utf8/string.lua
[22:45:52.747][info] [#0:script/workspace/loading.lua:100]: Preload file at: file:///home/muhammed-emin-eser/.local/share/nvim/mason/packages/lua-language-server/libexec/meta/Lua%205.4%20en-us%20utf8/builtin.lua , size = 0.302 KB
[22:45:52.748][info] [#0:script/workspace/loading.lua:112]: ++++As library of:	file:///home/muhammed-emin-eser/.local/share/nvim/mason/packages/lua-language-server/libexec/meta/Lua%205.4%20en-us%20utf8/builtin.lua
[22:45:52.748][info] [#0:script/workspace/workspace.lua:385]: Found 141 files at:	file:///home/muhammed-emin-eser/utils/typo
[22:45:52.748][info] [#0:script/workspace/loading.lua:160]: Load files from disk:	file:///home/muhammed-emin-eser/utils/typo
[22:45:52.748][info] [#0:script/workspace/loading.lua:100]: Preload file at: file:///home/muhammed-emin-eser/.local/share/nvim/mason/packages/lua-language-server/libexec/meta/LuaJIT%20en-us%20utf8/package.lua , size = 2.699 KB
[22:45:52.749][info] [#0:script/workspace/loading.lua:112]: ++++As library of:	file:///home/muhammed-emin-eser/.local/share/nvim/mason/packages/lua-language-server/libexec/meta/LuaJIT%20en-us%20utf8/package.lua
[22:45:52.749][info] [#0:script/workspace/loading.lua:100]: Preload file at: file:///home/muhammed-emin-eser/.local/share/nvim/mason/packages/lua-language-server/libexec/meta/LuaJIT%20en-us%20utf8/basic.lua , size = 16.126 KB
[22:45:52.753][info] [#0:script/workspace/loading.lua:112]: ++++As library of:	file:///home/muhammed-emin-eser/.local/share/nvim/mason/packages/lua-language-server/libexec/meta/LuaJIT%20en-us%20utf8/basic.lua
[22:45:52.753][info] [#0:script/workspace/loading.lua:100]: Preload file at: file:///tmp/.mount_nvimIlGmob/usr/share/nvim/runtime/lua/_vim9script.lua , size = 15.423 KB
[22:45:52.758][info] [#0:script/workspace/loading.lua:112]: ++++As library of:	file:///tmp/.mount_nvimIlGmob/usr/share/nvim/runtime/lua
[22:45:52.758][info] [#0:script/workspace/loading.lua:100]: Preload file at: file:///tmp/.mount_nvimIlGmob/usr/share/nvim/runtime/lua/coxpcall.lua , size = 3.672 KB
[22:45:52.759][info] [#0:script/workspace/loading.lua:112]: ++++As library of:	file:///tmp/.mount_nvimIlGmob/usr/share/nvim/runtime/lua
[22:45:52.759][info] [#0:script/workspace/loading.lua:100]: Preload file at: file:///tmp/.mount_nvimIlGmob/usr/share/nvim/runtime/lua/editorconfig.lua , size = 11.254 KB
[22:45:52.762][info] [#0:script/workspace/loading.lua:112]: ++++As library of:	file:///tmp/.mount_nvimIlGmob/usr/share/nvim/runtime/lua
[22:45:52.762][info] [#0:script/workspace/loading.lua:100]: Preload file at: file:///tmp/.mount_nvimIlGmob/usr/share/nvim/runtime/lua/jit/bc.lua , size = 5.417 KB
[22:45:52.764][info] [#0:script/workspace/loading.lua:112]: ++++As library of:	file:///tmp/.mount_nvimIlGmob/usr/share/nvim/runtime/lua
[22:45:52.764][info] [#0:script/workspace/loading.lua:100]: Preload file at: file:///tmp/.mount_nvimIlGmob/usr/share/nvim/runtime/lua/jit/bcsave.lua , size = 17.090 KB
[22:45:52.770][info] [#0:script/workspace/loading.lua:112]: ++++As library of:	file:///tmp/.mount_nvimIlGmob/usr/share/nvim/runtime/lua
[22:45:52.770][info] [#0:script/workspace/loading.lua:100]: Preload file at: file:///tmp/.mount_nvimIlGmob/usr/share/nvim/runtime/lua/jit/dis_arm.lua , size = 18.891 KB
[22:45:52.779][info] [#0:script/workspace/loading.lua:112]: ++++As library of:	file:///tmp/.mount_nvimIlGmob/usr/share/nvim/runtime/lua
[22:45:52.779][info] [#0:script/workspace/loading.lua:100]: Preload file at: file:///tmp/.mount_nvimIlGmob/usr/share/nvim/runtime/lua/jit/dis_arm64.lua , size = 29.971 KB
[22:45:52.793][info] [#0:script/workspace/loading.lua:112]: ++++As library of:	file:///tmp/.mount_nvimIlGmob/usr/share/nvim/runtime/lua
[22:45:52.793][info] [#0:script/workspace/loading.lua:100]: Preload file at: file:///tmp/.mount_nvimIlGmob/usr/share/nvim/runtime/lua/jit/dis_arm64be.lua , size = 0.604 KB
[22:45:52.794][info] [#0:script/workspace/loading.lua:112]: ++++As library of:	file:///tmp/.mount_nvimIlGmob/usr/share/nvim/runtime/lua
[22:45:52.794][info] [#0:script/workspace/loading.lua:100]: Preload file at: file:///tmp/.mount_nvimIlGmob/usr/share/nvim/runtime/lua/jit/dis_mips.lua , size = 21.494 KB
[22:45:52.800][info] [#0:script/workspace/loading.lua:112]: ++++As library of:	file:///tmp/.mount_nvimIlGmob/usr/share/nvim/runtime/lua
[22:45:52.800][info] [#0:script/workspace/loading.lua:100]: Preload file at: file:///tmp/.mount_nvimIlGmob/usr/share/nvim/runtime/lua/jit/dis_mips64.lua , size = 0.689 KB
[22:45:52.801][info] [#0:script/workspace/loading.lua:112]: ++++As library of:	file:///tmp/.mount_nvimIlGmob/usr/share/nvim/runtime/lua
[22:45:52.801][info] [#0:script/workspace/loading.lua:100]: Preload file at: file:///tmp/.mount_nvimIlGmob/usr/share/nvim/runtime/lua/jit/dis_mips64el.lua , size = 0.700 KB
[22:45:52.801][info] [#0:script/workspace/loading.lua:112]: ++++As library of:	file:///tmp/.mount_nvimIlGmob/usr/share/nvim/runtime/lua
[22:45:52.801][info] [#0:script/workspace/loading.lua:100]: Preload file at: file:///tmp/.mount_nvimIlGmob/usr/share/nvim/runtime/lua/jit/dis_mips64r6.lua , size = 0.700 KB
[22:45:52.801][info] [#0:script/workspace/loading.lua:112]: ++++As library of:	file:///tmp/.mount_nvimIlGmob/usr/share/nvim/runtime/lua
[22:45:52.801][info] [#0:script/workspace/loading.lua:100]: Preload file at: file:///tmp/.mount_nvimIlGmob/usr/share/nvim/runtime/lua/jit/dis_mips64r6el.lua , size = 0.711 KB
[22:45:52.802][info] [#0:script/workspace/loading.lua:112]: ++++As library of:	file:///tmp/.mount_nvimIlGmob/usr/share/nvim/runtime/lua
[22:45:52.802][info] [#0:script/workspace/loading.lua:100]: Preload file at: file:///tmp/.mount_nvimIlGmob/usr/share/nvim/runtime/lua/jit/dis_mipsel.lua , size = 0.698 KB
[22:45:52.802][info] [#0:script/workspace/loading.lua:112]: ++++As library of:	file:///tmp/.mount_nvimIlGmob/usr/share/nvim/runtime/lua
[22:45:52.802][info] [#0:script/workspace/loading.lua:100]: Preload file at: file:///tmp/.mount_nvimIlGmob/usr/share/nvim/runtime/lua/jit/dis_ppc.lua , size = 19.825 KB
[22:45:52.808][info] [#0:script/workspace/loading.lua:112]: ++++As library of:	file:///tmp/.mount_nvimIlGmob/usr/share/nvim/runtime/lua
[22:45:52.808][info] [#0:script/workspace/loading.lua:100]: Preload file at: file:///tmp/.mount_nvimIlGmob/usr/share/nvim/runtime/lua/jit/dis_x64.lua , size = 0.695 KB
[22:45:52.808][info] [#0:script/workspace/loading.lua:112]: ++++As library of:	file:///tmp/.mount_nvimIlGmob/usr/share/nvim/runtime/lua
[22:45:52.808][info] [#0:script/workspace/loading.lua:100]: Preload file at: file:///tmp/.mount_nvimIlGmob/usr/share/nvim/runtime/lua/jit/dis_x86.lua , size = 33.033 KB
[22:45:52.818][info] [#0:script/workspace/loading.lua:112]: ++++As library of:	file:///tmp/.mount_nvimIlGmob/usr/share/nvim/runtime/lua
[22:45:52.818][info] [#0:script/workspace/loading.lua:100]: Preload file at: file:///tmp/.mount_nvimIlGmob/usr/share/nvim/runtime/lua/jit/dump.lua , size = 20.269 KB
[22:45:52.826][info] [#0:script/workspace/loading.lua:112]: ++++As library of:	file:///tmp/.mount_nvimIlGmob/usr/share/nvim/runtime/lua
[22:45:52.826][info] [#0:script/workspace/loading.lua:100]: Preload file at: file:///tmp/.mount_nvimIlGmob/usr/share/nvim/runtime/lua/jit/p.lua , size = 8.874 KB
[22:45:52.832][info] [#0:script/workspace/loading.lua:112]: ++++As library of:	file:///tmp/.mount_nvimIlGmob/usr/share/nvim/runtime/lua
[22:45:52.832][info] [#0:script/workspace/loading.lua:172]: Loaded files takes [0.114] sec: <fallback>
[22:45:52.832][info] [#0:script/workspace/loading.lua:181]: Compile files takes [0.000] sec: <fallback>
[22:45:52.832][info] [#0:script/workspace/loading.lua:182]: Loaded finish:	<fallback>
[22:45:52.832][info] [#0:script/workspace/workspace.lua:387]: Preload finish at:	<fallback>
[22:45:52.835][info] [#0:script/workspace/loading.lua:100]: Preload file at: file:///tmp/.mount_nvimIlGmob/usr/share/nvim/runtime/lua/jit/v.lua , size = 5.731 KB
[22:45:52.837][info] [#0:script/workspace/loading.lua:112]: ++++As library of:	file:///tmp/.mount_nvimIlGmob/usr/share/nvim/runtime/lua
[22:45:52.837][info] [#0:script/workspace/loading.lua:100]: Preload file at: file:///tmp/.mount_nvimIlGmob/usr/share/nvim/runtime/lua/jit/zone.lua , size = 0.979 KB
[22:45:52.838][info] [#0:script/workspace/loading.lua:112]: ++++As library of:	file:///tmp/.mount_nvimIlGmob/usr/share/nvim/runtime/lua
[22:45:52.838][info] [#0:script/workspace/loading.lua:100]: Preload file at: file:///tmp/.mount_nvimIlGmob/usr/share/nvim/runtime/lua/jit/vmdef.lua , size = 7.920 KB
[22:45:52.840][info] [#0:script/workspace/loading.lua:112]: ++++As library of:	file:///tmp/.mount_nvimIlGmob/usr/share/nvim/runtime/lua
[22:45:52.840][info] [#0:script/workspace/loading.lua:100]: Preload file at: file:///tmp/.mount_nvimIlGmob/usr/share/nvim/runtime/lua/man.lua , size = 23.335 KB
[22:45:52.849][info] [#0:script/workspace/loading.lua:112]: ++++As library of:	file:///tmp/.mount_nvimIlGmob/usr/share/nvim/runtime/lua
[22:45:52.849][info] [#0:script/workspace/loading.lua:100]: Preload file at: file:///tmp/.mount_nvimIlGmob/usr/share/nvim/runtime/lua/tohtml.lua , size = 43.272 KB
[22:45:52.871][info] [#0:script/workspace/loading.lua:112]: ++++As library of:	file:///tmp/.mount_nvimIlGmob/usr/share/nvim/runtime/lua
[22:45:52.871][info] [#0:script/workspace/loading.lua:100]: Preload file at: file:///tmp/.mount_nvimIlGmob/usr/share/nvim/runtime/lua/vim/F.lua , size = 1.076 KB
[22:45:52.872][info] [#0:script/workspace/loading.lua:112]: ++++As library of:	file:///tmp/.mount_nvimIlGmob/usr/share/nvim/runtime/lua
[22:45:52.872][info] [#0:script/workspace/loading.lua:100]: Preload file at: file:///tmp/.mount_nvimIlGmob/usr/share/nvim/runtime/lua/vim/_buf.lua , size = 0.764 KB
[22:45:52.872][info] [#0:script/workspace/loading.lua:112]: ++++As library of:	file:///tmp/.mount_nvimIlGmob/usr/share/nvim/runtime/lua
[22:45:52.872][info] [#0:script/workspace/loading.lua:100]: Preload file at: file:///tmp/.mount_nvimIlGmob/usr/share/nvim/runtime/lua/vim/_comment.lua , size = 8.967 KB
[22:45:52.875][info] [#0:script/workspace/loading.lua:112]: ++++As library of:	file:///tmp/.mount_nvimIlGmob/usr/share/nvim/runtime/lua
[22:45:52.875][info] [#0:script/workspace/loading.lua:100]: Preload file at: file:///tmp/.mount_nvimIlGmob/usr/share/nvim/runtime/lua/vim/_defaults.lua , size = 32.274 KB
[22:45:52.883][info] [#0:script/workspace/loading.lua:112]: ++++As library of:	file:///tmp/.mount_nvimIlGmob/usr/share/nvim/runtime/lua
[22:45:52.883][info] [#0:script/workspace/loading.lua:100]: Preload file at: file:///tmp/.mount_nvimIlGmob/usr/share/nvim/runtime/lua/vim/_editor.lua , size = 44.635 KB
[22:45:52.896][info] [#0:script/workspace/loading.lua:112]: ++++As library of:	file:///tmp/.mount_nvimIlGmob/usr/share/nvim/runtime/lua
[22:45:52.896][info] [#0:script/workspace/loading.lua:100]: Preload file at: file:///tmp/.mount_nvimIlGmob/usr/share/nvim/runtime/lua/vim/_ftplugin/lua.lua , size = 0.540 KB
[22:45:52.896][info] [#0:script/workspace/loading.lua:112]: ++++As library of:	file:///tmp/.mount_nvimIlGmob/usr/share/nvim/runtime/lua
[22:45:52.896][info] [#0:script/workspace/loading.lua:100]: Preload file at: file:///tmp/.mount_nvimIlGmob/usr/share/nvim/runtime/lua/vim/_init_packages.lua , size = 3.023 KB
[22:45:52.897][info] [#0:script/workspace/loading.lua:112]: ++++As library of:	file:///tmp/.mount_nvimIlGmob/usr/share/nvim/runtime/lua
[22:45:52.897][info] [#0:script/workspace/loading.lua:100]: Preload file at: file:///tmp/.mount_nvimIlGmob/usr/share/nvim/runtime/lua/vim/_inspector.lua , size = 7.775 KB
[22:45:52.900][info] [#0:script/workspace/loading.lua:112]: ++++As library of:	file:///tmp/.mount_nvimIlGmob/usr/share/nvim/runtime/lua
[22:45:52.900][info] [#0:script/workspace/loading.lua:100]: Preload file at: file:///tmp/.mount_nvimIlGmob/usr/share/nvim/runtime/lua/vim/_meta/api.lua , size = 106.186 KB
[22:45:52.919][info] [#0:script/workspace/loading.lua:112]: ++++As library of:	file:///tmp/.mount_nvimIlGmob/usr/share/nvim/runtime/lua
[22:45:52.919][info] [#0:script/workspace/loading.lua:100]: Preload file at: file:///tmp/.mount_nvimIlGmob/usr/share/nvim/runtime/lua/vim/_meta/api_keysets_extra.lua , size = 6.957 KB
[22:45:52.922][info] [#0:script/workspace/loading.lua:112]: ++++As library of:	file:///tmp/.mount_nvimIlGmob/usr/share/nvim/runtime/lua
[22:45:52.922][info] [#0:script/workspace/loading.lua:100]: Preload file at: file:///tmp/.mount_nvimIlGmob/usr/share/nvim/runtime/lua/vim/_meta/api_keysets.lua , size = 9.958 KB
[22:45:52.926][info] [#0:script/workspace/loading.lua:112]: ++++As library of:	file:///tmp/.mount_nvimIlGmob/usr/share/nvim/runtime/lua
[22:45:52.926][info] [#0:script/workspace/loading.lua:100]: Preload file at: file:///tmp/.mount_nvimIlGmob/usr/share/nvim/runtime/lua/vim/_meta/base64.lua , size = 0.307 KB
[22:45:52.926][info] [#0:script/workspace/loading.lua:112]: ++++As library of:	file:///tmp/.mount_nvimIlGmob/usr/share/nvim/runtime/lua
[22:45:52.926][info] [#0:script/workspace/loading.lua:100]: Preload file at: file:///tmp/.mount_nvimIlGmob/usr/share/nvim/runtime/lua/vim/_meta/builtin.lua , size = 10.381 KB
[22:45:52.928][info] [#0:script/workspace/loading.lua:112]: ++++As library of:	file:///tmp/.mount_nvimIlGmob/usr/share/nvim/runtime/lua
[22:45:52.928][info] [#0:script/workspace/loading.lua:100]: Preload file at: file:///tmp/.mount_nvimIlGmob/usr/share/nvim/runtime/lua/vim/_meta/builtin_types.lua , size = 8.304 KB
[22:45:52.931][info] [#0:script/workspace/loading.lua:112]: ++++As library of:	file:///tmp/.mount_nvimIlGmob/usr/share/nvim/runtime/lua
[22:45:52.931][info] [#0:script/workspace/loading.lua:100]: Preload file at: file:///tmp/.mount_nvimIlGmob/usr/share/nvim/runtime/lua/vim/_meta/diff.lua , size = 2.493 KB
[22:45:52.932][info] [#0:script/workspace/loading.lua:112]: ++++As library of:	file:///tmp/.mount_nvimIlGmob/usr/share/nvim/runtime/lua
[22:45:52.932][info] [#0:script/workspace/loading.lua:100]: Preload file at: file:///tmp/.mount_nvimIlGmob/usr/share/nvim/runtime/lua/vim/_meta/json.lua , size = 1.537 KB
[22:45:52.932][info] [#0:script/workspace/loading.lua:112]: ++++As library of:	file:///tmp/.mount_nvimIlGmob/usr/share/nvim/runtime/lua
[22:45:52.932][info] [#0:script/workspace/loading.lua:100]: Preload file at: file:///tmp/.mount_nvimIlGmob/usr/share/nvim/runtime/lua/vim/_meta/lpeg.lua , size = 15.348 KB
[22:45:52.935][info] [#0:script/workspace/loading.lua:112]: ++++As library of:	file:///tmp/.mount_nvimIlGmob/usr/share/nvim/runtime/lua
[22:45:52.935][info] [#0:script/workspace/loading.lua:100]: Preload file at: file:///tmp/.mount_nvimIlGmob/usr/share/nvim/runtime/lua/vim/_meta/misc.lua , size = 0.291 KB
[22:45:52.935][info] [#0:script/workspace/loading.lua:112]: ++++As library of:	file:///tmp/.mount_nvimIlGmob/usr/share/nvim/runtime/lua
[22:45:52.935][info] [#0:script/workspace/loading.lua:100]: Preload file at: file:///tmp/.mount_nvimIlGmob/usr/share/nvim/runtime/lua/vim/_meta/mpack.lua , size = 0.478 KB
[22:45:52.936][info] [#0:script/workspace/loading.lua:112]: ++++As library of:	file:///tmp/.mount_nvimIlGmob/usr/share/nvim/runtime/lua
[22:45:52.936][info] [#0:script/workspace/loading.lua:100]: Preload file at: file:///tmp/.mount_nvimIlGmob/usr/share/nvim/runtime/lua/vim/_meta/re.lua , size = 2.217 KB
[22:45:52.936][info] [#0:script/workspace/loading.lua:112]: ++++As library of:	file:///tmp/.mount_nvimIlGmob/usr/share/nvim/runtime/lua
[22:45:52.937][info] [#0:script/workspace/loading.lua:100]: Preload file at: file:///tmp/.mount_nvimIlGmob/usr/share/nvim/runtime/lua/vim/_meta/options.lua , size = 324.442 KB
[22:45:53.008][info] [#0:script/workspace/loading.lua:112]: ++++As library of:	file:///tmp/.mount_nvimIlGmob/usr/share/nvim/runtime/lua
[22:45:53.008][info] [#0:script/workspace/loading.lua:100]: Preload file at: file:///tmp/.mount_nvimIlGmob/usr/share/nvim/runtime/lua/vim/_meta/regex.lua , size = 1.580 KB
[22:45:53.009][info] [#0:script/workspace/loading.lua:112]: ++++As library of:	file:///tmp/.mount_nvimIlGmob/usr/share/nvim/runtime/lua
[22:45:53.009][info] [#0:script/workspace/loading.lua:100]: Preload file at: file:///tmp/.mount_nvimIlGmob/usr/share/nvim/runtime/lua/vim/_meta/spell.lua , size = 0.929 KB
[22:45:53.010][info] [#0:script/workspace/loading.lua:112]: ++++As library of:	file:///tmp/.mount_nvimIlGmob/usr/share/nvim/runtime/lua
[22:45:53.010][info] [#0:script/workspace/loading.lua:100]: Preload file at: file:///tmp/.mount_nvimIlGmob/usr/share/nvim/runtime/lua/vim/_meta/vvars.lua , size = 26.214 KB
[22:45:53.032][info] [#0:script/workspace/loading.lua:112]: ++++As library of:	file:///tmp/.mount_nvimIlGmob/usr/share/nvim/runtime/lua
[22:45:53.032][info] [#0:script/workspace/loading.lua:100]: Preload file at: file:///tmp/.mount_nvimIlGmob/usr/share/nvim/runtime/lua/vim/_meta/vimfn.lua , size = 408.424 KB
[22:45:53.101][info] [#0:script/workspace/loading.lua:112]: ++++As library of:	file:///tmp/.mount_nvimIlGmob/usr/share/nvim/runtime/lua
[22:45:53.101][info] [#0:script/workspace/loading.lua:100]: Preload file at: file:///tmp/.mount_nvimIlGmob/usr/share/nvim/runtime/lua/vim/_meta/vvars_extra.lua , size = 4.056 KB
[22:45:53.102][info] [#0:script/workspace/loading.lua:112]: ++++As library of:	file:///tmp/.mount_nvimIlGmob/usr/share/nvim/runtime/lua
[22:45:53.102][info] [#0:script/workspace/loading.lua:100]: Preload file at: file:///tmp/.mount_nvimIlGmob/usr/share/nvim/runtime/lua/vim/_meta.lua , size = 1.002 KB
[22:45:53.103][info] [#0:script/workspace/loading.lua:112]: ++++As library of:	file:///tmp/.mount_nvimIlGmob/usr/share/nvim/runtime/lua
[22:45:53.103][info] [#0:script/workspace/loading.lua:100]: Preload file at: file:///tmp/.mount_nvimIlGmob/usr/share/nvim/runtime/lua/vim/_options.lua , size = 25.508 KB
[22:45:53.111][info] [#0:script/workspace/loading.lua:112]: ++++As library of:	file:///tmp/.mount_nvimIlGmob/usr/share/nvim/runtime/lua
[22:45:53.111][info] [#0:script/workspace/loading.lua:100]: Preload file at: file:///tmp/.mount_nvimIlGmob/usr/share/nvim/runtime/lua/vim/_system.lua , size = 9.805 KB
[22:45:53.115][info] [#0:script/workspace/loading.lua:112]: ++++As library of:	file:///tmp/.mount_nvimIlGmob/usr/share/nvim/runtime/lua
[22:45:53.115][info] [#0:script/workspace/loading.lua:100]: Preload file at: file:///tmp/.mount_nvimIlGmob/usr/share/nvim/runtime/lua/vim/_watch.lua , size = 9.718 KB
[22:45:53.118][info] [#0:script/workspace/loading.lua:112]: ++++As library of:	file:///tmp/.mount_nvimIlGmob/usr/share/nvim/runtime/lua
[22:45:53.118][info] [#0:script/workspace/loading.lua:100]: Preload file at: file:///tmp/.mount_nvimIlGmob/usr/share/nvim/runtime/lua/vim/deprecated/health.lua , size = 1.260 KB
[22:45:53.118][info] [#0:script/workspace/loading.lua:112]: ++++As library of:	file:///tmp/.mount_nvimIlGmob/usr/share/nvim/runtime/lua
[22:45:53.118][info] [#0:script/workspace/loading.lua:100]: Preload file at: file:///tmp/.mount_nvimIlGmob/usr/share/nvim/runtime/lua/vim/diagnostic.lua , size = 85.015 KB
[22:45:53.149][info] [#0:script/workspace/loading.lua:112]: ++++As library of:	file:///tmp/.mount_nvimIlGmob/usr/share/nvim/runtime/lua
[22:45:53.150][info] [#0:script/workspace/loading.lua:100]: Preload file at: file:///tmp/.mount_nvimIlGmob/usr/share/nvim/runtime/lua/vim/filetype/detect.lua , size = 61.322 KB
[22:45:53.190][info] [#0:script/workspace/loading.lua:112]: ++++As library of:	file:///tmp/.mount_nvimIlGmob/usr/share/nvim/runtime/lua
[22:45:53.190][info] [#0:script/workspace/loading.lua:100]: Preload file at: file:///tmp/.mount_nvimIlGmob/usr/share/nvim/runtime/lua/vim/filetype/options.lua , size = 2.559 KB
[22:45:53.191][info] [#0:script/workspace/loading.lua:112]: ++++As library of:	file:///tmp/.mount_nvimIlGmob/usr/share/nvim/runtime/lua
[22:45:53.191][info] [#0:script/workspace/loading.lua:100]: Preload file at: file:///tmp/.mount_nvimIlGmob/usr/share/nvim/runtime/lua/vim/filetype.lua , size = 78.884 KB
[22:45:53.219][info] [#0:script/workspace/loading.lua:112]: ++++As library of:	file:///tmp/.mount_nvimIlGmob/usr/share/nvim/runtime/lua
[22:45:53.219][info] [#0:script/workspace/loading.lua:100]: Preload file at: file:///tmp/.mount_nvimIlGmob/usr/share/nvim/runtime/lua/vim/fs.lua , size = 23.769 KB
[22:45:53.227][info] [#0:script/workspace/loading.lua:112]: ++++As library of:	file:///tmp/.mount_nvimIlGmob/usr/share/nvim/runtime/lua
[22:45:53.228][info] [#0:script/workspace/loading.lua:100]: Preload file at: file:///tmp/.mount_nvimIlGmob/usr/share/nvim/runtime/lua/vim/func/_memoize.lua , size = 1.979 KB
[22:45:53.229][info] [#0:script/workspace/loading.lua:112]: ++++As library of:	file:///tmp/.mount_nvimIlGmob/usr/share/nvim/runtime/lua
[22:45:53.229][info] [#0:script/workspace/loading.lua:100]: Preload file at: file:///tmp/.mount_nvimIlGmob/usr/share/nvim/runtime/lua/vim/func.lua , size = 1.950 KB
[22:45:53.230][info] [#0:script/workspace/loading.lua:112]: ++++As library of:	file:///tmp/.mount_nvimIlGmob/usr/share/nvim/runtime/lua
[22:45:53.230][info] [#0:script/workspace/loading.lua:100]: Preload file at: file:///tmp/.mount_nvimIlGmob/usr/share/nvim/runtime/lua/vim/glob.lua , size = 3.312 KB
[22:45:53.232][info] [#0:script/workspace/loading.lua:112]: ++++As library of:	file:///tmp/.mount_nvimIlGmob/usr/share/nvim/runtime/lua
[22:45:53.232][info] [#0:script/workspace/loading.lua:100]: Preload file at: file:///tmp/.mount_nvimIlGmob/usr/share/nvim/runtime/lua/vim/health/health.lua , size = 12.863 KB
[22:45:53.238][info] [#0:script/workspace/loading.lua:112]: ++++As library of:	file:///tmp/.mount_nvimIlGmob/usr/share/nvim/runtime/lua
[22:45:53.238][info] [#0:script/workspace/loading.lua:100]: Preload file at: file:///tmp/.mount_nvimIlGmob/usr/share/nvim/runtime/lua/vim/health.lua , size = 15.680 KB
[22:45:53.244][info] [#0:script/workspace/loading.lua:112]: ++++As library of:	file:///tmp/.mount_nvimIlGmob/usr/share/nvim/runtime/lua
[22:45:53.244][info] [#0:script/workspace/loading.lua:100]: Preload file at: file:///tmp/.mount_nvimIlGmob/usr/share/nvim/runtime/lua/vim/hl.lua , size = 6.054 KB
[22:45:53.247][info] [#0:script/workspace/loading.lua:112]: ++++As library of:	file:///tmp/.mount_nvimIlGmob/usr/share/nvim/runtime/lua
[22:45:53.247][info] [#0:script/workspace/loading.lua:100]: Preload file at: file:///tmp/.mount_nvimIlGmob/usr/share/nvim/runtime/lua/vim/inspect.lua , size = 8.899 KB
[22:45:53.251][info] [#0:script/workspace/loading.lua:112]: ++++As library of:	file:///tmp/.mount_nvimIlGmob/usr/share/nvim/runtime/lua
[22:45:53.251][info] [#0:script/workspace/loading.lua:100]: Preload file at: file:///tmp/.mount_nvimIlGmob/usr/share/nvim/runtime/lua/vim/iter.lua , size = 25.875 KB
[22:45:53.262][info] [#0:script/workspace/loading.lua:112]: ++++As library of:	file:///tmp/.mount_nvimIlGmob/usr/share/nvim/runtime/lua
[22:45:53.262][info] [#0:script/workspace/loading.lua:100]: Preload file at: file:///tmp/.mount_nvimIlGmob/usr/share/nvim/runtime/lua/vim/keymap.lua , size = 3.683 KB
[22:45:53.264][info] [#0:script/workspace/loading.lua:112]: ++++As library of:	file:///tmp/.mount_nvimIlGmob/usr/share/nvim/runtime/lua
[22:45:53.265][info] [#0:script/workspace/loading.lua:100]: Preload file at: file:///tmp/.mount_nvimIlGmob/usr/share/nvim/runtime/lua/vim/loader.lua , size = 14.564 KB
[22:45:53.272][info] [#0:script/workspace/loading.lua:112]: ++++As library of:	file:///tmp/.mount_nvimIlGmob/usr/share/nvim/runtime/lua
[22:45:53.272][info] [#0:script/workspace/loading.lua:100]: Preload file at: file:///tmp/.mount_nvimIlGmob/usr/share/nvim/runtime/lua/vim/lsp/_changetracking.lua , size = 11.493 KB
[22:45:53.277][info] [#0:script/workspace/loading.lua:112]: ++++As library of:	file:///tmp/.mount_nvimIlGmob/usr/share/nvim/runtime/lua
[22:45:53.277][info] [#0:script/workspace/loading.lua:100]: Preload file at: file:///tmp/.mount_nvimIlGmob/usr/share/nvim/runtime/lua/vim/lsp/_folding_range.lua , size = 11.103 KB
[22:45:53.282][info] [#0:script/workspace/loading.lua:112]: ++++As library of:	file:///tmp/.mount_nvimIlGmob/usr/share/nvim/runtime/lua
[22:45:53.282][info] [#0:script/workspace/loading.lua:100]: Preload file at: file:///tmp/.mount_nvimIlGmob/usr/share/nvim/runtime/lua/vim/lsp/_meta/protocol.lua , size = 188.964 KB
[22:45:53.358][info] [#0:script/workspace/loading.lua:112]: ++++As library of:	file:///tmp/.mount_nvimIlGmob/usr/share/nvim/runtime/lua
[22:45:53.358][info] [#0:script/workspace/loading.lua:100]: Preload file at: file:///tmp/.mount_nvimIlGmob/usr/share/nvim/runtime/lua/vim/lsp/_meta.lua , size = 0.585 KB
[22:45:53.359][info] [#0:script/workspace/loading.lua:112]: ++++As library of:	file:///tmp/.mount_nvimIlGmob/usr/share/nvim/runtime/lua
[22:45:53.359][info] [#0:script/workspace/loading.lua:100]: Preload file at: file:///tmp/.mount_nvimIlGmob/usr/share/nvim/runtime/lua/vim/lsp/_snippet_grammar.lua , size = 6.228 KB
[22:45:53.361][info] [#0:script/workspace/loading.lua:112]: ++++As library of:	file:///tmp/.mount_nvimIlGmob/usr/share/nvim/runtime/lua
[22:45:53.361][info] [#0:script/workspace/loading.lua:100]: Preload file at: file:///tmp/.mount_nvimIlGmob/usr/share/nvim/runtime/lua/vim/lsp/_tagfunc.lua , size = 3.236 KB
[22:45:53.363][info] [#0:script/workspace/loading.lua:112]: ++++As library of:	file:///tmp/.mount_nvimIlGmob/usr/share/nvim/runtime/lua
[22:45:53.363][info] [#0:script/workspace/loading.lua:100]: Preload file at: file:///tmp/.mount_nvimIlGmob/usr/share/nvim/runtime/lua/vim/lsp/_transport.lua , size = 5.152 KB
[22:45:53.365][info] [#0:script/workspace/loading.lua:112]: ++++As library of:	file:///tmp/.mount_nvimIlGmob/usr/share/nvim/runtime/lua
[22:45:53.365][info] [#0:script/workspace/loading.lua:100]: Preload file at: file:///tmp/.mount_nvimIlGmob/usr/share/nvim/runtime/lua/vim/lsp/_watchfiles.lua , size = 6.813 KB
[22:45:53.367][info] [#0:script/workspace/loading.lua:112]: ++++As library of:	file:///tmp/.mount_nvimIlGmob/usr/share/nvim/runtime/lua
[22:45:53.367][info] [#0:script/workspace/loading.lua:100]: Preload file at: file:///tmp/.mount_nvimIlGmob/usr/share/nvim/runtime/lua/vim/lsp/buf.lua , size = 42.998 KB
[22:45:53.378][info] [#0:script/workspace/loading.lua:112]: ++++As library of:	file:///tmp/.mount_nvimIlGmob/usr/share/nvim/runtime/lua
[22:45:53.378][info] [#0:script/workspace/loading.lua:100]: Preload file at: file:///tmp/.mount_nvimIlGmob/usr/share/nvim/runtime/lua/vim/lsp/client.lua , size = 40.645 KB
[22:45:53.389][info] [#0:script/workspace/loading.lua:112]: ++++As library of:	file:///tmp/.mount_nvimIlGmob/usr/share/nvim/runtime/lua
[22:45:53.389][info] [#0:script/workspace/loading.lua:100]: Preload file at: file:///tmp/.mount_nvimIlGmob/usr/share/nvim/runtime/lua/vim/lsp/codelens.lua , size = 9.245 KB
[22:45:53.392][info] [#0:script/workspace/loading.lua:112]: ++++As library of:	file:///tmp/.mount_nvimIlGmob/usr/share/nvim/runtime/lua
[22:45:53.392][info] [#0:script/workspace/loading.lua:100]: Preload file at: file:///tmp/.mount_nvimIlGmob/usr/share/nvim/runtime/lua/vim/lsp/completion.lua , size = 27.140 KB
[22:45:53.399][info] [#0:script/workspace/loading.lua:112]: ++++As library of:	file:///tmp/.mount_nvimIlGmob/usr/share/nvim/runtime/lua
[22:45:53.399][info] [#0:script/workspace/loading.lua:100]: Preload file at: file:///tmp/.mount_nvimIlGmob/usr/share/nvim/runtime/lua/vim/lsp/diagnostic.lua , size = 11.849 KB
[22:45:53.403][info] [#0:script/workspace/loading.lua:112]: ++++As library of:	file:///tmp/.mount_nvimIlGmob/usr/share/nvim/runtime/lua
[22:45:53.403][info] [#0:script/workspace/loading.lua:100]: Preload file at: file:///tmp/.mount_nvimIlGmob/usr/share/nvim/runtime/lua/vim/lsp/handlers.lua , size = 24.316 KB
[22:45:53.409][info] [#0:script/workspace/loading.lua:112]: ++++As library of:	file:///tmp/.mount_nvimIlGmob/usr/share/nvim/runtime/lua
[22:45:53.409][info] [#0:script/workspace/loading.lua:100]: Preload file at: file:///tmp/.mount_nvimIlGmob/usr/share/nvim/runtime/lua/vim/lsp/health.lua , size = 7.367 KB
[22:45:53.411][info] [#0:script/workspace/loading.lua:112]: ++++As library of:	file:///tmp/.mount_nvimIlGmob/usr/share/nvim/runtime/lua
[22:45:53.411][info] [#0:script/workspace/loading.lua:100]: Preload file at: file:///tmp/.mount_nvimIlGmob/usr/share/nvim/runtime/lua/vim/lsp/inlay_hint.lua , size = 11.941 KB
[22:45:53.415][info] [#0:script/workspace/loading.lua:112]: ++++As library of:	file:///tmp/.mount_nvimIlGmob/usr/share/nvim/runtime/lua
[22:45:53.415][info] [#0:script/workspace/loading.lua:100]: Preload file at: file:///tmp/.mount_nvimIlGmob/usr/share/nvim/runtime/lua/vim/lsp/log.lua , size = 5.593 KB
[22:45:53.417][info] [#0:script/workspace/loading.lua:112]: ++++As library of:	file:///tmp/.mount_nvimIlGmob/usr/share/nvim/runtime/lua
[22:45:53.417][info] [#0:script/workspace/loading.lua:100]: Preload file at: file:///tmp/.mount_nvimIlGmob/usr/share/nvim/runtime/lua/vim/lsp/protocol.lua , size = 44.826 KB
[22:45:53.423][info] [#0:script/workspace/loading.lua:112]: ++++As library of:	file:///tmp/.mount_nvimIlGmob/usr/share/nvim/runtime/lua
[22:45:53.423][info] [#0:script/workspace/loading.lua:100]: Preload file at: file:///tmp/.mount_nvimIlGmob/usr/share/nvim/runtime/lua/vim/lsp/rpc.lua , size = 22.153 KB
[22:45:53.431][info] [#0:script/workspace/loading.lua:112]: ++++As library of:	file:///tmp/.mount_nvimIlGmob/usr/share/nvim/runtime/lua
[22:45:53.431][info] [#0:script/workspace/loading.lua:100]: Preload file at: file:///tmp/.mount_nvimIlGmob/usr/share/nvim/runtime/lua/vim/lsp/semantic_tokens.lua , size = 27.239 KB
[22:45:53.439][info] [#0:script/workspace/loading.lua:112]: ++++As library of:	file:///tmp/.mount_nvimIlGmob/usr/share/nvim/runtime/lua
[22:45:53.439][info] [#0:script/workspace/loading.lua:100]: Preload file at: file:///tmp/.mount_nvimIlGmob/usr/share/nvim/runtime/lua/vim/lsp/sync.lua , size = 15.728 KB
[22:45:53.443][info] [#0:script/workspace/loading.lua:112]: ++++As library of:	file:///tmp/.mount_nvimIlGmob/usr/share/nvim/runtime/lua
[22:45:53.444][warn] [#0:script/proto/proto.lua:189]: Method [textDocument/semanticTokens/full] takes [0.934]sec. {
  _closeMessage = "Request cancelled.",
  _closeReason = -32800,
  id = 15,
  jsonrpc = "2.0",
  method = "textDocument/semanticTokens/full",
  params = {
    textDocument = {
      uri = "file:///home/muhammed-emin-eser/utils/typo/nvim/lua/plugins/todo.lua"
    }
  }
}
[22:45:53.444][info] [#0:script/workspace/loading.lua:100]: Preload file at: file:///tmp/.mount_nvimIlGmob/usr/share/nvim/runtime/lua/vim/lsp/util.lua , size = 74.574 KB
[22:45:53.469][info] [#0:script/workspace/loading.lua:112]: ++++As library of:	file:///tmp/.mount_nvimIlGmob/usr/share/nvim/runtime/lua
[22:45:53.469][info] [#0:script/workspace/loading.lua:100]: Preload file at: file:///tmp/.mount_nvimIlGmob/usr/share/nvim/runtime/lua/vim/lsp.lua , size = 52.855 KB
[22:45:53.484][info] [#0:script/workspace/loading.lua:112]: ++++As library of:	file:///tmp/.mount_nvimIlGmob/usr/share/nvim/runtime/lua
[22:45:53.484][info] [#0:script/workspace/loading.lua:100]: Preload file at: file:///tmp/.mount_nvimIlGmob/usr/share/nvim/runtime/lua/vim/provider/health.lua , size = 29.545 KB
[22:45:53.492][info] [#0:script/workspace/loading.lua:112]: ++++As library of:	file:///tmp/.mount_nvimIlGmob/usr/share/nvim/runtime/lua
[22:45:53.492][info] [#0:script/workspace/loading.lua:100]: Preload file at: file:///tmp/.mount_nvimIlGmob/usr/share/nvim/runtime/lua/vim/provider/perl.lua , size = 1.998 KB
[22:45:53.493][info] [#0:script/workspace/loading.lua:112]: ++++As library of:	file:///tmp/.mount_nvimIlGmob/usr/share/nvim/runtime/lua
[22:45:53.493][info] [#0:script/workspace/loading.lua:100]: Preload file at: file:///tmp/.mount_nvimIlGmob/usr/share/nvim/runtime/lua/vim/provider/python.lua , size = 4.210 KB
[22:45:53.495][info] [#0:script/workspace/loading.lua:112]: ++++As library of:	file:///tmp/.mount_nvimIlGmob/usr/share/nvim/runtime/lua
[22:45:53.495][info] [#0:script/workspace/loading.lua:100]: Preload file at: file:///tmp/.mount_nvimIlGmob/usr/share/nvim/runtime/lua/vim/provider/ruby.lua , size = 1.563 KB
[22:45:53.495][info] [#0:script/workspace/loading.lua:112]: ++++As library of:	file:///tmp/.mount_nvimIlGmob/usr/share/nvim/runtime/lua
[22:45:53.496][info] [#0:script/workspace/loading.lua:100]: Preload file at: file:///tmp/.mount_nvimIlGmob/usr/share/nvim/runtime/lua/vim/provider.lua , size = 0.197 KB
[22:45:53.496][info] [#0:script/workspace/loading.lua:112]: ++++As library of:	file:///tmp/.mount_nvimIlGmob/usr/share/nvim/runtime/lua
[22:45:53.496][info] [#0:script/workspace/loading.lua:100]: Preload file at: file:///tmp/.mount_nvimIlGmob/usr/share/nvim/runtime/lua/vim/re.lua , size = 6.527 KB
[22:45:53.499][info] [#0:script/workspace/loading.lua:112]: ++++As library of:	file:///tmp/.mount_nvimIlGmob/usr/share/nvim/runtime/lua
[22:45:53.499][info] [#0:script/workspace/loading.lua:100]: Preload file at: file:///tmp/.mount_nvimIlGmob/usr/share/nvim/runtime/lua/vim/secure.lua , size = 6.484 KB
[22:45:53.501][info] [#0:script/workspace/loading.lua:112]: ++++As library of:	file:///tmp/.mount_nvimIlGmob/usr/share/nvim/runtime/lua
[22:45:53.501][info] [#0:script/workspace/loading.lua:100]: Preload file at: file:///tmp/.mount_nvimIlGmob/usr/share/nvim/runtime/lua/vim/snippet.lua , size = 19.590 KB
[22:45:53.507][info] [#0:script/workspace/loading.lua:112]: ++++As library of:	file:///tmp/.mount_nvimIlGmob/usr/share/nvim/runtime/lua
[22:45:53.507][info] [#0:script/workspace/loading.lua:100]: Preload file at: file:///tmp/.mount_nvimIlGmob/usr/share/nvim/runtime/lua/vim/shared.lua , size = 40.562 KB
[22:45:53.520][info] [#0:script/workspace/loading.lua:112]: ++++As library of:	file:///tmp/.mount_nvimIlGmob/usr/share/nvim/runtime/lua
[22:45:53.520][info] [#0:script/workspace/loading.lua:100]: Preload file at: file:///tmp/.mount_nvimIlGmob/usr/share/nvim/runtime/lua/vim/termcap.lua , size = 2.952 KB
[22:45:53.521][info] [#0:script/workspace/loading.lua:112]: ++++As library of:	file:///tmp/.mount_nvimIlGmob/usr/share/nvim/runtime/lua
[22:45:53.521][info] [#0:script/workspace/loading.lua:100]: Preload file at: file:///tmp/.mount_nvimIlGmob/usr/share/nvim/runtime/lua/vim/text.lua , size = 4.512 KB
[22:45:53.523][info] [#0:script/workspace/loading.lua:112]: ++++As library of:	file:///tmp/.mount_nvimIlGmob/usr/share/nvim/runtime/lua
[22:45:53.523][info] [#0:script/workspace/loading.lua:100]: Preload file at: file:///tmp/.mount_nvimIlGmob/usr/share/nvim/runtime/lua/vim/treesitter/_fold.lua , size = 14.803 KB
[22:45:53.527][info] [#0:script/workspace/loading.lua:112]: ++++As library of:	file:///tmp/.mount_nvimIlGmob/usr/share/nvim/runtime/lua
[22:45:53.527][info] [#0:script/workspace/loading.lua:100]: Preload file at: file:///tmp/.mount_nvimIlGmob/usr/share/nvim/runtime/lua/vim/treesitter/_headings.lua , size = 3.902 KB
[22:45:53.528][info] [#0:script/workspace/loading.lua:112]: ++++As library of:	file:///tmp/.mount_nvimIlGmob/usr/share/nvim/runtime/lua
[22:45:53.529][info] [#0:script/workspace/loading.lua:100]: Preload file at: file:///tmp/.mount_nvimIlGmob/usr/share/nvim/runtime/lua/vim/treesitter/_meta/misc.lua , size = 2.809 KB
[22:45:53.530][info] [#0:script/workspace/loading.lua:112]: ++++As library of:	file:///tmp/.mount_nvimIlGmob/usr/share/nvim/runtime/lua
[22:45:53.530][info] [#0:script/workspace/loading.lua:100]: Preload file at: file:///tmp/.mount_nvimIlGmob/usr/share/nvim/runtime/lua/vim/treesitter/_meta/tsnode.lua , size = 5.839 KB
[22:45:53.532][info] [#0:script/workspace/loading.lua:112]: ++++As library of:	file:///tmp/.mount_nvimIlGmob/usr/share/nvim/runtime/lua
[22:45:53.532][info] [#0:script/workspace/loading.lua:100]: Preload file at: file:///tmp/.mount_nvimIlGmob/usr/share/nvim/runtime/lua/vim/treesitter/_meta/tsquery.lua , size = 1.860 KB
[22:45:53.533][info] [#0:script/workspace/loading.lua:112]: ++++As library of:	file:///tmp/.mount_nvimIlGmob/usr/share/nvim/runtime/lua
[22:45:53.533][info] [#0:script/workspace/loading.lua:100]: Preload file at: file:///tmp/.mount_nvimIlGmob/usr/share/nvim/runtime/lua/vim/treesitter/_meta/tstree.lua , size = 1.234 KB
[22:45:53.533][info] [#0:script/workspace/loading.lua:112]: ++++As library of:	file:///tmp/.mount_nvimIlGmob/usr/share/nvim/runtime/lua
[22:45:53.533][info] [#0:script/workspace/loading.lua:100]: Preload file at: file:///tmp/.mount_nvimIlGmob/usr/share/nvim/runtime/lua/vim/treesitter/_query_linter.lua , size = 7.818 KB
[22:45:53.536][info] [#0:script/workspace/loading.lua:112]: ++++As library of:	file:///tmp/.mount_nvimIlGmob/usr/share/nvim/runtime/lua
[22:45:53.536][info] [#0:script/workspace/loading.lua:100]: Preload file at: file:///tmp/.mount_nvimIlGmob/usr/share/nvim/runtime/lua/vim/treesitter/_range.lua , size = 3.923 KB
[22:45:53.538][info] [#0:script/workspace/loading.lua:112]: ++++As library of:	file:///tmp/.mount_nvimIlGmob/usr/share/nvim/runtime/lua
[22:45:53.538][info] [#0:script/workspace/loading.lua:100]: Preload file at: file:///tmp/.mount_nvimIlGmob/usr/share/nvim/runtime/lua/vim/treesitter/dev.lua , size = 21.149 KB
[22:45:53.545][info] [#0:script/workspace/loading.lua:112]: ++++As library of:	file:///tmp/.mount_nvimIlGmob/usr/share/nvim/runtime/lua
[22:45:53.545][info] [#0:script/workspace/loading.lua:100]: Preload file at: file:///tmp/.mount_nvimIlGmob/usr/share/nvim/runtime/lua/vim/treesitter/health.lua , size = 1.551 KB
[22:45:53.546][info] [#0:script/workspace/loading.lua:112]: ++++As library of:	file:///tmp/.mount_nvimIlGmob/usr/share/nvim/runtime/lua
[22:45:53.546][info] [#0:script/workspace/loading.lua:100]: Preload file at: file:///tmp/.mount_nvimIlGmob/usr/share/nvim/runtime/lua/vim/treesitter/highlighter.lua , size = 15.112 KB
[22:45:53.551][info] [#0:script/workspace/loading.lua:112]: ++++As library of:	file:///tmp/.mount_nvimIlGmob/usr/share/nvim/runtime/lua
[22:45:53.551][info] [#0:script/workspace/loading.lua:100]: Preload file at: file:///tmp/.mount_nvimIlGmob/usr/share/nvim/runtime/lua/vim/treesitter/language.lua , size = 5.382 KB
[22:45:53.553][info] [#0:script/workspace/loading.lua:112]: ++++As library of:	file:///tmp/.mount_nvimIlGmob/usr/share/nvim/runtime/lua
[22:45:53.553][info] [#0:script/workspace/loading.lua:100]: Preload file at: file:///tmp/.mount_nvimIlGmob/usr/share/nvim/runtime/lua/vim/treesitter/languagetree.lua , size = 40.223 KB
[22:45:53.566][info] [#0:script/workspace/loading.lua:112]: ++++As library of:	file:///tmp/.mount_nvimIlGmob/usr/share/nvim/runtime/lua
[22:45:53.566][info] [#0:script/workspace/loading.lua:100]: Preload file at: file:///tmp/.mount_nvimIlGmob/usr/share/nvim/runtime/lua/vim/treesitter/query.lua , size = 37.908 KB
[22:45:53.577][info] [#0:script/workspace/loading.lua:112]: ++++As library of:	file:///tmp/.mount_nvimIlGmob/usr/share/nvim/runtime/lua
[22:45:53.577][info] [#0:script/workspace/loading.lua:100]: Preload file at: file:///tmp/.mount_nvimIlGmob/usr/share/nvim/runtime/lua/vim/treesitter.lua , size = 15.239 KB
[22:45:53.581][info] [#0:script/workspace/loading.lua:112]: ++++As library of:	file:///tmp/.mount_nvimIlGmob/usr/share/nvim/runtime/lua
[22:45:53.581][info] [#0:script/workspace/loading.lua:100]: Preload file at: file:///tmp/.mount_nvimIlGmob/usr/share/nvim/runtime/lua/vim/ui/clipboard/osc52.lua , size = 2.146 KB
[22:45:53.582][info] [#0:script/workspace/loading.lua:112]: ++++As library of:	file:///tmp/.mount_nvimIlGmob/usr/share/nvim/runtime/lua
[22:45:53.582][info] [#0:script/workspace/loading.lua:100]: Preload file at: file:///tmp/.mount_nvimIlGmob/usr/share/nvim/runtime/lua/vim/uri.lua , size = 3.614 KB
[22:45:53.584][info] [#0:script/workspace/loading.lua:112]: ++++As library of:	file:///tmp/.mount_nvimIlGmob/usr/share/nvim/runtime/lua
[22:45:53.584][info] [#0:script/workspace/loading.lua:100]: Preload file at: file:///tmp/.mount_nvimIlGmob/usr/share/nvim/runtime/lua/vim/ui.lua , size = 7.683 KB
[22:45:53.586][info] [#0:script/workspace/loading.lua:112]: ++++As library of:	file:///tmp/.mount_nvimIlGmob/usr/share/nvim/runtime/lua
[22:45:53.586][info] [#0:script/workspace/loading.lua:100]: Preload file at: file:///tmp/.mount_nvimIlGmob/usr/share/nvim/runtime/lua/vim/version.lua , size = 13.701 KB
[22:45:53.591][info] [#0:script/workspace/loading.lua:112]: ++++As library of:	file:///tmp/.mount_nvimIlGmob/usr/share/nvim/runtime/lua
[22:45:53.591][info] [#0:script/workspace/loading.lua:100]: Preload file at: file:///home/muhammed-emin-eser/.local/share/nvim/mason/packages/lua-language-server/libexec/meta/LuaJIT%20en-us%20utf8/table/clear.lua , size = 0.797 KB
[22:45:53.591][info] [#0:script/workspace/loading.lua:112]: ++++As library of:	file:///home/muhammed-emin-eser/.local/share/nvim/mason/packages/lua-language-server/libexec/meta/LuaJIT%20en-us%20utf8/table/clear.lua
[22:45:53.591][info] [#0:script/workspace/loading.lua:100]: Preload file at: file:///home/muhammed-emin-eser/.local/share/nvim/mason/packages/lua-language-server/libexec/meta/LuaJIT%20en-us%20utf8/math.lua , size = 8.035 KB
[22:45:53.594][info] [#0:script/workspace/loading.lua:112]: ++++As library of:	file:///home/muhammed-emin-eser/.local/share/nvim/mason/packages/lua-language-server/libexec/meta/LuaJIT%20en-us%20utf8/math.lua
[22:45:53.594][info] [#0:script/workspace/loading.lua:100]: Preload file at: file:///home/muhammed-emin-eser/.local/share/nvim/mason/packages/lua-language-server/libexec/meta/LuaJIT%20en-us%20utf8/coroutine.lua , size = 2.541 KB
[22:45:53.595][info] [#0:script/workspace/loading.lua:112]: ++++As library of:	file:///home/muhammed-emin-eser/.local/share/nvim/mason/packages/lua-language-server/libexec/meta/LuaJIT%20en-us%20utf8/coroutine.lua
[22:45:53.595][info] [#0:script/workspace/loading.lua:100]: Preload file at: file:///home/muhammed-emin-eser/.local/share/nvim/mason/packages/lua-language-server/libexec/meta/LuaJIT%20en-us%20utf8/jit.lua , size = 0.884 KB
[22:45:53.596][info] [#0:script/workspace/loading.lua:112]: ++++As library of:	file:///home/muhammed-emin-eser/.local/share/nvim/mason/packages/lua-language-server/libexec/meta/LuaJIT%20en-us%20utf8/jit.lua
[22:45:53.596][info] [#0:script/workspace/loading.lua:100]: Preload file at: file:///home/muhammed-emin-eser/.local/share/nvim/mason/packages/lua-language-server/libexec/meta/LuaJIT%20en-us%20utf8/string/buffer.lua , size = 18.057 KB
[22:45:53.598][info] [#0:script/workspace/loading.lua:112]: ++++As library of:	file:///home/muhammed-emin-eser/.local/share/nvim/mason/packages/lua-language-server/libexec/meta/LuaJIT%20en-us%20utf8/string/buffer.lua
[22:45:53.598][info] [#0:script/workspace/loading.lua:100]: Preload file at: file:///home/muhammed-emin-eser/.local/share/nvim/mason/packages/lua-language-server/libexec/meta/LuaJIT%20en-us%20utf8/debug.lua , size = 7.310 KB
[22:45:53.601][info] [#0:script/workspace/loading.lua:112]: ++++As library of:	file:///home/muhammed-emin-eser/.local/share/nvim/mason/packages/lua-language-server/libexec/meta/LuaJIT%20en-us%20utf8/debug.lua
[22:45:53.601][info] [#0:script/workspace/loading.lua:100]: Preload file at: file:///home/muhammed-emin-eser/.local/share/nvim/mason/packages/lua-language-server/libexec/meta/LuaJIT%20en-us%20utf8/table.lua , size = 5.020 KB
[22:45:53.602][info] [#0:script/workspace/loading.lua:112]: ++++As library of:	file:///home/muhammed-emin-eser/.local/share/nvim/mason/packages/lua-language-server/libexec/meta/LuaJIT%20en-us%20utf8/table.lua
[22:45:53.602][info] [#0:script/workspace/loading.lua:100]: Preload file at: file:///home/muhammed-emin-eser/.local/share/nvim/mason/packages/lua-language-server/libexec/meta/LuaJIT%20en-us%20utf8/table/new.lua , size = 0.642 KB
[22:45:53.603][info] [#0:script/workspace/loading.lua:112]: ++++As library of:	file:///home/muhammed-emin-eser/.local/share/nvim/mason/packages/lua-language-server/libexec/meta/LuaJIT%20en-us%20utf8/table/new.lua
[22:45:53.603][info] [#0:script/workspace/loading.lua:100]: Preload file at: file:///home/muhammed-emin-eser/.local/share/nvim/mason/packages/lua-language-server/libexec/meta/LuaJIT%20en-us%20utf8/bit.lua , size = 1.243 KB
[22:45:53.604][info] [#0:script/workspace/loading.lua:112]: ++++As library of:	file:///home/muhammed-emin-eser/.local/share/nvim/mason/packages/lua-language-server/libexec/meta/LuaJIT%20en-us%20utf8/bit.lua
[22:45:53.604][info] [#0:script/workspace/loading.lua:100]: Preload file at: file:///home/muhammed-emin-eser/.local/share/nvim/mason/packages/lua-language-server/libexec/meta/LuaJIT%20en-us%20utf8/jit/util.lua , size = 1.984 KB
[22:45:53.605][info] [#0:script/workspace/loading.lua:112]: ++++As library of:	file:///home/muhammed-emin-eser/.local/share/nvim/mason/packages/lua-language-server/libexec/meta/LuaJIT%20en-us%20utf8/jit/util.lua
[22:45:53.605][info] [#0:script/workspace/loading.lua:100]: Preload file at: file:///home/muhammed-emin-eser/.local/share/nvim/mason/packages/lua-language-server/libexec/meta/LuaJIT%20en-us%20utf8/builtin.lua , size = 0.302 KB
[22:45:53.605][info] [#0:script/workspace/loading.lua:112]: ++++As library of:	file:///home/muhammed-emin-eser/.local/share/nvim/mason/packages/lua-language-server/libexec/meta/LuaJIT%20en-us%20utf8/builtin.lua
[22:45:53.605][info] [#0:script/workspace/loading.lua:100]: Preload file at: file:///home/muhammed-emin-eser/.local/share/nvim/mason/packages/lua-language-server/libexec/meta/LuaJIT%20en-us%20utf8/io.lua , size = 6.364 KB
[22:45:53.608][info] [#0:script/workspace/loading.lua:112]: ++++As library of:	file:///home/muhammed-emin-eser/.local/share/nvim/mason/packages/lua-language-server/libexec/meta/LuaJIT%20en-us%20utf8/io.lua
[22:45:53.608][info] [#0:script/workspace/loading.lua:100]: Preload file at: file:///home/muhammed-emin-eser/.local/share/nvim/mason/packages/lua-language-server/libexec/meta/LuaJIT%20en-us%20utf8/jit/profile.lua , size = 0.348 KB
[22:45:53.608][info] [#0:script/workspace/loading.lua:112]: ++++As library of:	file:///home/muhammed-emin-eser/.local/share/nvim/mason/packages/lua-language-server/libexec/meta/LuaJIT%20en-us%20utf8/jit/profile.lua
[22:45:53.608][info] [#0:script/workspace/loading.lua:100]: Preload file at: file:///home/muhammed-emin-eser/.local/share/nvim/mason/packages/lua-language-server/libexec/meta/LuaJIT%20en-us%20utf8/os.lua , size = 5.662 KB
[22:45:53.610][info] [#0:script/workspace/loading.lua:112]: ++++As library of:	file:///home/muhammed-emin-eser/.local/share/nvim/mason/packages/lua-language-server/libexec/meta/LuaJIT%20en-us%20utf8/os.lua
[22:45:53.610][info] [#0:script/workspace/loading.lua:100]: Preload file at: file:///home/muhammed-emin-eser/.local/share/nvim/mason/packages/lua-language-server/libexec/meta/LuaJIT%20en-us%20utf8/ffi.lua , size = 2.529 KB
[22:45:53.611][info] [#0:script/workspace/loading.lua:112]: ++++As library of:	file:///home/muhammed-emin-eser/.local/share/nvim/mason/packages/lua-language-server/libexec/meta/LuaJIT%20en-us%20utf8/ffi.lua
[22:45:53.612][info] [#0:script/workspace/loading.lua:100]: Preload file at: file:///home/muhammed-emin-eser/.local/share/nvim/mason/packages/lua-language-server/libexec/meta/LuaJIT%20en-us%20utf8/string.lua , size = 6.371 KB
[22:45:53.613][info] [#0:script/workspace/loading.lua:112]: ++++As library of:	file:///home/muhammed-emin-eser/.local/share/nvim/mason/packages/lua-language-server/libexec/meta/LuaJIT%20en-us%20utf8/string.lua
[22:45:53.782][info] [#0:script/workspace/loading.lua:172]: Loaded files takes [0.945] sec: file:///home/muhammed-emin-eser/utils/typo
[22:45:53.782][info] [#0:script/workspace/loading.lua:181]: Compile files takes [0.000] sec: file:///home/muhammed-emin-eser/utils/typo
[22:45:53.782][info] [#0:script/workspace/loading.lua:182]: Loaded finish:	file:///home/muhammed-emin-eser/utils/typo
[22:45:53.782][info] [#0:script/workspace/workspace.lua:387]: Preload finish at:	file:///home/muhammed-emin-eser/utils/typo
[22:45:53.794][warn] [#0:script/proto/proto.lua:189]: Method [textDocument/didOpen] takes [1.203]sec. {
  jsonrpc = "2.0",
  method = "textDocument/didOpen",
  params = {
    textDocument = {
      languageId = "lua",
      text = '"***"',
      uri = "file:///home/muhammed-emin-eser/utils/typo/nvim/lua/plugins/todo.lua",
      version = 0
    }
  }
}
[22:45:53.795][info] [#0:script/provider/diagnostic.lua:560]: Diagnostics scope [file:///home/muhammed-emin-eser/utils/typo], files count:[142]
[22:45:53.795][warn] [#0:script/proto/proto.lua:189]: Method [textDocument/inlayHint] takes [1.202]sec. {
  id = 2,
  jsonrpc = "2.0",
  method = "textDocument/inlayHint",
  params = {
    range = {
      end = {
        character = 0,
        line = 1
      },
      start = {
        character = 0,
        line = 0
      }
    },
    textDocument = {
      uri = "file:///home/muhammed-emin-eser/utils/typo/nvim/lua/plugins/todo.lua"
    }
  }
}
[22:45:53.795][warn] [#0:script/proto/proto.lua:189]: Method [textDocument/inlayHint] takes [1.191]sec. {
  id = 6,
  jsonrpc = "2.0",
  method = "textDocument/inlayHint",
  params = {
    range = {
      end = {
        character = 0,
        line = 1
      },
      start = {
        character = 0,
        line = 0
      }
    },
    textDocument = {
      uri = "file:///home/muhammed-emin-eser/utils/typo/nvim/lua/plugins/todo.lua"
    }
  }
}
[22:45:53.795][warn] [#0:script/proto/proto.lua:189]: Method [textDocument/inlayHint] takes [1.191]sec. {
  id = 8,
  jsonrpc = "2.0",
  method = "textDocument/inlayHint",
  params = {
    range = {
      end = {
        character = 0,
        line = 1
      },
      start = {
        character = 0,
        line = 0
      }
    },
    textDocument = {
      uri = "file:///home/muhammed-emin-eser/utils/typo/nvim/lua/plugins/todo.lua"
    }
  }
}
[22:45:53.795][warn] [#0:script/proto/proto.lua:189]: Method [textDocument/inlayHint] takes [1.190]sec. {
  id = 10,
  jsonrpc = "2.0",
  method = "textDocument/inlayHint",
  params = {
    range = {
      end = {
        character = 0,
        line = 1
      },
      start = {
        character = 0,
        line = 0
      }
    },
    textDocument = {
      uri = "file:///home/muhammed-emin-eser/utils/typo/nvim/lua/plugins/todo.lua"
    }
  }
}
[22:45:53.795][warn] [#0:script/proto/proto.lua:189]: Method [textDocument/inlayHint] takes [1.190]sec. {
  id = 12,
  jsonrpc = "2.0",
  method = "textDocument/inlayHint",
  params = {
    range = {
      end = {
        character = 0,
        line = 1
      },
      start = {
        character = 0,
        line = 0
      }
    },
    textDocument = {
      uri = "file:///home/muhammed-emin-eser/utils/typo/nvim/lua/plugins/todo.lua"
    }
  }
}
[22:45:53.795][warn] [#0:script/proto/proto.lua:189]: Method [textDocument/inlayHint] takes [1.189]sec. {
  id = 14,
  jsonrpc = "2.0",
  method = "textDocument/inlayHint",
  params = {
    range = {
      end = {
        character = 0,
        line = 1
      },
      start = {
        character = 0,
        line = 0
      }
    },
    textDocument = {
      uri = "file:///home/muhammed-emin-eser/utils/typo/nvim/lua/plugins/todo.lua"
    }
  }
}
[22:45:53.795][warn] [#0:script/proto/proto.lua:189]: Method [textDocument/inlayHint] takes [1.188]sec. {
  id = 16,
  jsonrpc = "2.0",
  method = "textDocument/inlayHint",
  params = {
    range = {
      end = {
        character = 0,
        line = 1
      },
      start = {
        character = 0,
        line = 0
      }
    },
    textDocument = {
      uri = "file:///home/muhammed-emin-eser/utils/typo/nvim/lua/plugins/todo.lua"
    }
  }
}
[22:45:53.801][warn] [#0:script/proto/proto.lua:189]: Method [textDocument/documentSymbol] takes [1.189]sec. {
  id = 17,
  jsonrpc = "2.0",
  method = "textDocument/documentSymbol",
  params = {
    textDocument = {
      uri = "file:///home/muhammed-emin-eser/utils/typo/nvim/lua/plugins/todo.lua"
    }
  }
}
[22:45:53.802][warn] [#0:script/proto/proto.lua:189]: Method [textDocument/foldingRange] takes [1.200]sec. {
  id = 4,
  jsonrpc = "2.0",
  method = "textDocument/foldingRange",
  params = {
    textDocument = {
      uri = "file:///home/muhammed-emin-eser/utils/typo/nvim/lua/plugins/todo.lua"
    }
  }
}
[22:45:53.807][info] [#0:script/provider/diagnostic.lua:577]: Diagnostics scope [file:///home/muhammed-emin-eser/utils/typo] finished, takes [0.013] sec.
[22:45:55.394][info] [#0:script/workspace/workspace.lua:290]: Scan files at:	file:///home/muhammed-emin-eser/utils/typo/nvim/lua/plugins/todo.lua
[22:45:55.394][info] [#0:script/workspace/loading.lua:160]: Load files from disk:	file:///home/muhammed-emin-eser/utils/typo/nvim/lua/plugins/todo.lua
[22:45:55.394][info] [#0:script/workspace/loading.lua:88]: Skip loaded file: file:///home/muhammed-emin-eser/utils/typo/nvim/lua/plugins/todo.lua
[22:45:55.394][info] [#0:script/workspace/loading.lua:172]: Loaded files takes [0.000] sec: file:///home/muhammed-emin-eser/utils/typo/nvim/lua/plugins/todo.lua
[22:45:55.394][info] [#0:script/workspace/loading.lua:181]: Compile files takes [0.000] sec: file:///home/muhammed-emin-eser/utils/typo/nvim/lua/plugins/todo.lua
[22:45:55.394][info] [#0:script/workspace/loading.lua:182]: Loaded finish:	file:///home/muhammed-emin-eser/utils/typo/nvim/lua/plugins/todo.lua
[22:45:59.496][info] [#0:script/provider/diagnostic.lua:560]: Diagnostics scope [file:///home/muhammed-emin-eser/utils/typo], files count:[142]
[22:45:59.501][info] [#0:script/provider/diagnostic.lua:577]: Diagnostics scope [file:///home/muhammed-emin-eser/utils/typo] finished, takes [0.005] sec.
[22:46:23.500][info] [#0:script/provider/diagnostic.lua:560]: Diagnostics scope [file:///home/muhammed-emin-eser/utils/typo], files count:[143]
[22:46:23.505][info] [#0:script/provider/diagnostic.lua:577]: Diagnostics scope [file:///home/muhammed-emin-eser/utils/typo] finished, takes [0.005] sec.
[22:46:42.370][info] [#0:script/workspace/workspace.lua:290]: Scan files at:	file:///home/muhammed-emin-eser/utils/typo/nvim/lua/plugins/diff_buffer.lua
[22:46:42.371][info] [#0:script/workspace/loading.lua:160]: Load files from disk:	file:///home/muhammed-emin-eser/utils/typo/nvim/lua/plugins/diff_buffer.lua
[22:46:42.371][info] [#0:script/workspace/loading.lua:100]: Preload file at: file:///home/muhammed-emin-eser/utils/typo/nvim/lua/plugins/diff_buffer.lua , size = 2.865 KB
[22:46:42.471][info] [#0:script/workspace/loading.lua:172]: Loaded files takes [0.100] sec: file:///home/muhammed-emin-eser/utils/typo/nvim/lua/plugins/diff_buffer.lua
[22:46:42.471][info] [#0:script/workspace/loading.lua:181]: Compile files takes [0.000] sec: file:///home/muhammed-emin-eser/utils/typo/nvim/lua/plugins/diff_buffer.lua
[22:46:42.471][info] [#0:script/workspace/loading.lua:182]: Loaded finish:	file:///home/muhammed-emin-eser/utils/typo/nvim/lua/plugins/diff_buffer.lua
[22:46:44.704][info] [#0:script/provider/diagnostic.lua:560]: Diagnostics scope [file:///home/muhammed-emin-eser/utils/typo], files count:[143]
[22:46:44.710][info] [#0:script/provider/diagnostic.lua:577]: Diagnostics scope [file:///home/muhammed-emin-eser/utils/typo] finished, takes [0.006] sec.
[22:46:45.503][info] [#0:script/provider/diagnostic.lua:560]: Diagnostics scope [file:///home/muhammed-emin-eser/utils/typo], files count:[143]
[22:46:45.519][info] [#0:script/provider/diagnostic.lua:577]: Diagnostics scope [file:///home/muhammed-emin-eser/utils/typo] finished, takes [0.019] sec.
[22:51:04.358][info] [#0:script/workspace/workspace.lua:290]: Scan files at:	file:///home/muhammed-emin-eser/utils/typo/requirements.txt
[22:51:04.358][info] [#0:script/workspace/loading.lua:160]: Load files from disk:	file:///home/muhammed-emin-eser/utils/typo/requirements.txt
[22:51:04.358][info] [#0:script/workspace/loading.lua:172]: Loaded files takes [0.000] sec: file:///home/muhammed-emin-eser/utils/typo/requirements.txt
[22:51:04.358][info] [#0:script/workspace/loading.lua:181]: Compile files takes [0.000] sec: file:///home/muhammed-emin-eser/utils/typo/requirements.txt
[22:51:04.358][info] [#0:script/workspace/loading.lua:182]: Loaded finish:	file:///home/muhammed-emin-eser/utils/typo/requirements.txt
[22:55:05.402][info] [#0:script/workspace/workspace.lua:290]: Scan files at:	file:///home/muhammed-emin-eser/utils/typo/.conform.7306709.README.md
[22:55:05.403][info] [#0:script/workspace/loading.lua:160]: Load files from disk:	file:///home/muhammed-emin-eser/utils/typo/.conform.7306709.README.md
[22:55:05.403][info] [#0:script/workspace/loading.lua:172]: Loaded files takes [0.000] sec: file:///home/muhammed-emin-eser/utils/typo/.conform.7306709.README.md
[22:55:05.403][info] [#0:script/workspace/loading.lua:181]: Compile files takes [0.000] sec: file:///home/muhammed-emin-eser/utils/typo/.conform.7306709.README.md
[22:55:05.403][info] [#0:script/workspace/loading.lua:182]: Loaded finish:	file:///home/muhammed-emin-eser/utils/typo/.conform.7306709.README.md
[22:55:06.404][info] [#0:script/workspace/workspace.lua:290]: Scan files at:	file:///home/muhammed-emin-eser/utils/typo/README.md
[22:55:06.406][info] [#0:script/workspace/loading.lua:160]: Load files from disk:	file:///home/muhammed-emin-eser/utils/typo/README.md
[22:55:06.406][info] [#0:script/workspace/loading.lua:172]: Loaded files takes [0.000] sec: file:///home/muhammed-emin-eser/utils/typo/README.md
[22:55:06.406][info] [#0:script/workspace/loading.lua:181]: Compile files takes [0.000] sec: file:///home/muhammed-emin-eser/utils/typo/README.md
[22:55:06.406][info] [#0:script/workspace/loading.lua:182]: Loaded finish:	file:///home/muhammed-emin-eser/utils/typo/README.md
[22:55:52.509][info] [#0:script/service/service.lua:145]: 
========= Medical Examination Report =========
    --------------- Memory ---------------
        Total: 123.216 MB
        # 00 : 122.878 MB
        # 01 : 0.062 MB
        # 02 : 0.062 MB
        # 03 : 0.108 MB
        # 04 : 0.106 MB
    --------------- Coroutine ---------------
        Total:     25
        Running:   0
        Suspended: 0
        Normal:    0
        Dead:      25
    --------------- Cache ---------------
        Total: 1
        Dead:  0
    ---------------  RPC  ---------------
        Holdon:   0
        Waiting:  0
==============================================
[23:05:52.658][info] [#0:script/service/service.lua:145]: 
========= Medical Examination Report =========
    --------------- Memory ---------------
        Total: 123.220 MB
        # 00 : 122.882 MB
        # 01 : 0.062 MB
        # 02 : 0.062 MB
        # 03 : 0.108 MB
        # 04 : 0.106 MB
    --------------- Coroutine ---------------
        Total:     25
        Running:   0
        Suspended: 0
        Normal:    0
        Dead:      25
    --------------- Cache ---------------
        Total: 1
        Dead:  0
    ---------------  RPC  ---------------
        Holdon:   0
        Waiting:  0
==============================================
[23:15:52.762][info] [#0:script/service/service.lua:145]: 
========= Medical Examination Report =========
    --------------- Memory ---------------
        Total: 123.223 MB
        # 00 : 122.886 MB
        # 01 : 0.062 MB
        # 02 : 0.062 MB
        # 03 : 0.108 MB
        # 04 : 0.106 MB
    --------------- Coroutine ---------------
        Total:     25
        Running:   0
        Suspended: 0
        Normal:    0
        Dead:      25
    --------------- Cache ---------------
        Total: 1
        Dead:  0
    ---------------  RPC  ---------------
        Holdon:   0
        Waiting:  0
==============================================
[23:25:52.859][info] [#0:script/service/service.lua:145]: 
========= Medical Examination Report =========
    --------------- Memory ---------------
        Total: 123.235 MB
        # 00 : 122.898 MB
        # 01 : 0.062 MB
        # 02 : 0.062 MB
        # 03 : 0.108 MB
        # 04 : 0.106 MB
    --------------- Coroutine ---------------
        Total:     29
        Running:   0
        Suspended: 0
        Normal:    0
        Dead:      29
    --------------- Cache ---------------
        Total: 1
        Dead:  0
    ---------------  RPC  ---------------
        Holdon:   0
        Waiting:  0
==============================================
[23:26:27.767][info] [#0:script/workspace/workspace.lua:290]: Scan files at:	file:///home/muhammed-emin-eser/utils/typo/main.py
[23:26:27.767][info] [#0:script/workspace/loading.lua:160]: Load files from disk:	file:///home/muhammed-emin-eser/utils/typo/main.py
[23:26:27.767][info] [#0:script/workspace/loading.lua:172]: Loaded files takes [0.000] sec: file:///home/muhammed-emin-eser/utils/typo/main.py
[23:26:27.767][info] [#0:script/workspace/loading.lua:181]: Compile files takes [0.000] sec: file:///home/muhammed-emin-eser/utils/typo/main.py
[23:26:27.767][info] [#0:script/workspace/loading.lua:182]: Loaded finish:	file:///home/muhammed-emin-eser/utils/typo/main.py
[23:26:39.768][info] [#0:script/workspace/workspace.lua:290]: Scan files at:	file:///home/muhammed-emin-eser/utils/typo/main.py
[23:26:39.868][info] [#0:script/workspace/loading.lua:160]: Load files from disk:	file:///home/muhammed-emin-eser/utils/typo/main.py
[23:26:39.868][info] [#0:script/workspace/loading.lua:172]: Loaded files takes [0.000] sec: file:///home/muhammed-emin-eser/utils/typo/main.py
[23:26:39.868][info] [#0:script/workspace/loading.lua:181]: Compile files takes [0.000] sec: file:///home/muhammed-emin-eser/utils/typo/main.py
[23:26:39.868][info] [#0:script/workspace/loading.lua:182]: Loaded finish:	file:///home/muhammed-emin-eser/utils/typo/main.py
[23:35:52.872][info] [#0:script/service/service.lua:145]: 
========= Medical Examination Report =========
    --------------- Memory ---------------
        Total: 124.318 MB
        # 00 : 123.981 MB
        # 01 : 0.062 MB
        # 02 : 0.062 MB
        # 03 : 0.108 MB
        # 04 : 0.106 MB
    --------------- Coroutine ---------------
        Total:     57
        Running:   0
        Suspended: 0
        Normal:    0
        Dead:      57
    --------------- Cache ---------------
        Total: 1
        Dead:  0
    ---------------  RPC  ---------------
        Holdon:   0
        Waiting:  0
==============================================
[23:45:52.897][info] [#0:script/service/service.lua:145]: 
========= Medical Examination Report =========
    --------------- Memory ---------------
        Total: 124.322 MB
        # 00 : 123.984 MB
        # 01 : 0.062 MB
        # 02 : 0.062 MB
        # 03 : 0.108 MB
        # 04 : 0.106 MB
    --------------- Coroutine ---------------
        Total:     57
        Running:   0
        Suspended: 0
        Normal:    0
        Dead:      57
    --------------- Cache ---------------
        Total: 1
        Dead:  0
    ---------------  RPC  ---------------
        Holdon:   0
        Waiting:  0
==============================================
[23:55:52.936][info] [#0:script/service/service.lua:145]: 
========= Medical Examination Report =========
    --------------- Memory ---------------
        Total: 124.325 MB
        # 00 : 123.988 MB
        # 01 : 0.062 MB
        # 02 : 0.062 MB
        # 03 : 0.108 MB
        # 04 : 0.106 MB
    --------------- Coroutine ---------------
        Total:     57
        Running:   0
        Suspended: 0
        Normal:    0
        Dead:      57
    --------------- Cache ---------------
        Total: 1
        Dead:  0
    ---------------  RPC  ---------------
        Holdon:   0
        Waiting:  0
==============================================
[23:59:04.005][warn] [#0:script/pub/report.lua:24]: Load proto error:	Disconnected!
